Archive member included to satisfy reference by file (symbol)

C:/Nxp/MCUXpressoIDE_25.6.136/ide/plugins/com.nxp.mcuxpresso.tools.win32_25.6.0.202501151204/tools/bin/../lib/gcc/arm-none-eabi/14.2.1/../../../../arm-none-eabi/lib/thumb/v8-m.main+fp/hard\libcr_semihost_nf.a(_cr__main.o)
                              ./startup/startup_mcxn947_cm33_core0.o (__main)
C:/Nxp/MCUXpressoIDE_25.6.136/ide/plugins/com.nxp.mcuxpresso.tools.win32_25.6.0.202501151204/tools/bin/../lib/gcc/arm-none-eabi/14.2.1/../../../../arm-none-eabi/lib/thumb/v8-m.main+fp/hard\libcr_c.a(sqrtf_m4_hardfp.o)
                              ./source/MCXN947_TP3.o (sqrtf)
C:/Nxp/MCUXpressoIDE_25.6.136/ide/plugins/com.nxp.mcuxpresso.tools.win32_25.6.0.202501151204/tools/bin/../lib/gcc/arm-none-eabi/14.2.1/../../../../arm-none-eabi/lib/thumb/v8-m.main+fp/hard\libcr_c.a(memcpy.o)
                              ./utilities/str/fsl_str.o (memcpy)
C:/Nxp/MCUXpressoIDE_25.6.136/ide/plugins/com.nxp.mcuxpresso.tools.win32_25.6.0.202501151204/tools/bin/../lib/gcc/arm-none-eabi/14.2.1/../../../../arm-none-eabi/lib/thumb/v8-m.main+fp/hard\libcr_c.a(memset.o)
                              ./utilities/debug_console/fsl_debug_console.o (memset)
C:/Nxp/MCUXpressoIDE_25.6.136/ide/plugins/com.nxp.mcuxpresso.tools.win32_25.6.0.202501151204/tools/bin/../lib/gcc/arm-none-eabi/14.2.1/../../../../arm-none-eabi/lib/thumb/v8-m.main+fp/hard\libcr_c.a(alloc.o)
                              ./drivers/fsl_common.o (malloc)
C:/Nxp/MCUXpressoIDE_25.6.136/ide/plugins/com.nxp.mcuxpresso.tools.win32_25.6.0.202501151204/tools/bin/../lib/gcc/arm-none-eabi/14.2.1/../../../../arm-none-eabi/lib/thumb/v8-m.main+fp/hard\libcr_c.a(errno.o)
                              ./utilities/str/fsl_str.o (errno)
C:/Nxp/MCUXpressoIDE_25.6.136/ide/plugins/com.nxp.mcuxpresso.tools.win32_25.6.0.202501151204/tools/bin/../lib/gcc/arm-none-eabi/14.2.1/../../../../arm-none-eabi/lib/thumb/v8-m.main+fp/hard\libcr_c.a(initio.o)
                              C:/Nxp/MCUXpressoIDE_25.6.136/ide/plugins/com.nxp.mcuxpresso.tools.win32_25.6.0.202501151204/tools/bin/../lib/gcc/arm-none-eabi/14.2.1/../../../../arm-none-eabi/lib/thumb/v8-m.main+fp/hard\libcr_semihost_nf.a(_cr__main.o) (_initio)
C:/Nxp/MCUXpressoIDE_25.6.136/ide/plugins/com.nxp.mcuxpresso.tools.win32_25.6.0.202501151204/tools/bin/../lib/gcc/arm-none-eabi/14.2.1/../../../../arm-none-eabi/lib/thumb/v8-m.main+fp/hard\libcr_c.a(printf.o)
                              ./utilities/fsl_assert.o (_printf)
C:/Nxp/MCUXpressoIDE_25.6.136/ide/plugins/com.nxp.mcuxpresso.tools.win32_25.6.0.202501151204/tools/bin/../lib/gcc/arm-none-eabi/14.2.1/../../../../arm-none-eabi/lib/thumb/v8-m.main+fp/hard\libcr_c.a(scanf.o)
                              ./utilities/str/fsl_str.o (strtoul)
C:/Nxp/MCUXpressoIDE_25.6.136/ide/plugins/com.nxp.mcuxpresso.tools.win32_25.6.0.202501151204/tools/bin/../lib/gcc/arm-none-eabi/14.2.1/../../../../arm-none-eabi/lib/thumb/v8-m.main+fp/hard\libcr_c.a(setvbuf.o)
                              C:/Nxp/MCUXpressoIDE_25.6.136/ide/plugins/com.nxp.mcuxpresso.tools.win32_25.6.0.202501151204/tools/bin/../lib/gcc/arm-none-eabi/14.2.1/../../../../arm-none-eabi/lib/thumb/v8-m.main+fp/hard\libcr_c.a(initio.o) (setvbuf)
C:/Nxp/MCUXpressoIDE_25.6.136/ide/plugins/com.nxp.mcuxpresso.tools.win32_25.6.0.202501151204/tools/bin/../lib/gcc/arm-none-eabi/14.2.1/../../../../arm-none-eabi/lib/thumb/v8-m.main+fp/hard\libcr_c.a(strlen.o)
                              ./utilities/str/fsl_str.o (strlen)
C:/Nxp/MCUXpressoIDE_25.6.136/ide/plugins/com.nxp.mcuxpresso.tools.win32_25.6.0.202501151204/tools/bin/../lib/gcc/arm-none-eabi/14.2.1/../../../../arm-none-eabi/lib/thumb/v8-m.main+fp/hard\libcr_c.a(ungetc.o)
                              C:/Nxp/MCUXpressoIDE_25.6.136/ide/plugins/com.nxp.mcuxpresso.tools.win32_25.6.0.202501151204/tools/bin/../lib/gcc/arm-none-eabi/14.2.1/../../../../arm-none-eabi/lib/thumb/v8-m.main+fp/hard\libcr_c.a(scanf.o) (ungetc)
C:/Nxp/MCUXpressoIDE_25.6.136/ide/plugins/com.nxp.mcuxpresso.tools.win32_25.6.0.202501151204/tools/bin/../lib/gcc/arm-none-eabi/14.2.1/../../../../arm-none-eabi/lib/thumb/v8-m.main+fp/hard\libcr_c.a(__fillbuf.o)
                              C:/Nxp/MCUXpressoIDE_25.6.136/ide/plugins/com.nxp.mcuxpresso.tools.win32_25.6.0.202501151204/tools/bin/../lib/gcc/arm-none-eabi/14.2.1/../../../../arm-none-eabi/lib/thumb/v8-m.main+fp/hard\libcr_c.a(scanf.o) (__filbuf)
C:/Nxp/MCUXpressoIDE_25.6.136/ide/plugins/com.nxp.mcuxpresso.tools.win32_25.6.0.202501151204/tools/bin/../lib/gcc/arm-none-eabi/14.2.1/../../../../arm-none-eabi/lib/thumb/v8-m.main+fp/hard\libcr_c.a(__init_alloc.o)
                              C:/Nxp/MCUXpressoIDE_25.6.136/ide/plugins/com.nxp.mcuxpresso.tools.win32_25.6.0.202501151204/tools/bin/../lib/gcc/arm-none-eabi/14.2.1/../../../../arm-none-eabi/lib/thumb/v8-m.main+fp/hard\libcr_c.a(alloc.o) (__heaps)
[...]
Memory Configuration

Name             Origin             Length             Attributes
PROGRAM_FLASH0   0x00000000         0x00100000         xr
PROGRAM_FLASH1   0x00100000         0x00100000         xr
SRAM             0x20000000         0x00060000         xrw
SRAMX            0x04000000         0x00018000         xrw
SRAMH            0x20060000         0x00008000         xrw
USB_RAM          0x400ba000         0x00001000         xrw
*default*        0x00000000         0xffffffff

Linker script and memory map

LOAD ./utilities/str/fsl_str.o
LOAD ./utilities/debug_console/fsl_debug_console.o
LOAD ./utilities/fsl_assert.o
LOAD ./startup/boot_multicore_slave.o
LOAD ./startup/startup_mcxn947_cm33_core0.o
LOAD ./source/MCXN947_TP3.o
LOAD ./source/semihost_hardfault.o
LOAD ./drivers/fsl_clock.o
LOAD ./drivers/fsl_common.o
LOAD ./drivers/fsl_common_arm.o
LOAD ./drivers/fsl_ctimer.o
LOAD ./drivers/fsl_dac.o
LOAD ./drivers/fsl_gpio.o
LOAD ./drivers/fsl_inputmux.o
LOAD ./drivers/fsl_lpadc.o
LOAD ./drivers/fsl_lpflexcomm.o
LOAD ./drivers/fsl_lpi2c.o
LOAD ./drivers/fsl_lpspi.o
LOAD ./drivers/fsl_lpuart.o
LOAD ./drivers/fsl_powerquad_basic.o
LOAD ./drivers/fsl_powerquad_cmsis.o
LOAD ./drivers/fsl_powerquad_data.o
LOAD ./drivers/fsl_powerquad_filter.o
LOAD ./drivers/fsl_powerquad_math.o
LOAD ./drivers/fsl_powerquad_matrix.o
LOAD ./drivers/fsl_powerquad_transform.o
LOAD ./drivers/fsl_reset.o
LOAD ./drivers/fsl_spc.o
LOAD ./drivers/fsl_vref.o
LOAD ./device/system_MCXN947_cm33_core0.o
LOAD ./component/uart/fsl_adapter_lpuart.o
LOAD ./component/serial_manager/fsl_component_serial_manager.o
LOAD ./component/serial_manager/fsl_component_serial_port_uart.o
LOAD ./component/lists/fsl_component_generic_list.o
LOAD ./board/board.o
LOAD ./board/clock_config.o
LOAD ./board/peripherals.o
LOAD ./board/pin_mux.o
START GROUP
LOAD C:/Nxp/MCUXpressoIDE_25.6.136/ide/plugins/com.nxp.mcuxpresso.tools.win32_25.6.0.202501151204/tools/bin/../lib/gcc/arm-none-eabi/14.2.1/../../../../arm-none-eabi/lib/thumb/v8-m.main+fp/hard\libcr_semihost_nf.a
LOAD C:/Nxp/MCUXpressoIDE_25.6.136/ide/plugins/com.nxp.mcuxpresso.tools.win32_25.6.0.202501151204/tools/bin/../lib/gcc/arm-none-eabi/14.2.1/../../../../arm-none-eabi/lib/thumb/v8-m.main+fp/hard\libcr_c.a
LOAD C:/Nxp/MCUXpressoIDE_25.6.136/ide/plugins/com.nxp.mcuxpresso.tools.win32_25.6.0.202501151204/tools/bin/../lib/gcc/arm-none-eabi/14.2.1/thumb/v8-m.main+fp/hard\libcr_eabihelpers.a
LOAD C:/Nxp/MCUXpressoIDE_25.6.136/ide/plugins/com.nxp.mcuxpresso.tools.win32_25.6.0.202501151204/tools/bin/../lib/gcc/arm-none-eabi/14.2.1/thumb/v8-m.main+fp/hard\libgcc.a
END GROUP
                0x00000000                        __base_PROGRAM_FLASH0 = 0x0
                0x00000000                        __base_Flash = 0x0
                0x00100000                        __top_PROGRAM_FLASH0 = 0x100000
                0x00100000                        __top_Flash = 0x100000
                0x00100000                        __base_PROGRAM_FLASH1 = 0x100000
                0x00100000                        __base_Flash2 = 0x100000
                0x00200000                        __top_PROGRAM_FLASH1 = 0x200000
                0x00200000                        __top_Flash2 = 0x200000
                0x20000000                        __base_SRAM = 0x20000000
                0x20000000                        __base_RAM = 0x20000000
                0x20060000                        __top_SRAM = 0x20060000
                0x20060000                        __top_RAM = 0x20060000
                0x04000000                        __base_SRAMX = 0x4000000
                0x04000000                        __base_RAM2 = 0x4000000
                0x04018000                        __top_SRAMX = 0x4018000
                0x04018000                        __top_RAM2 = 0x4018000
                0x20060000                        __base_SRAMH = 0x20060000
                0x20060000                        __base_RAM3 = 0x20060000
                0x20068000                        __top_SRAMH = 0x20068000
                0x20068000                        __top_RAM3 = 0x20068000
                0x400ba000                        __base_USB_RAM = 0x400ba000
                0x400ba000                        __base_RAM4 = 0x400ba000
                0x400bb000                        __top_USB_RAM = 0x400bb000
                0x400bb000                        __top_RAM4 = 0x400bb000

.text_Flash2    0x00100000        0x0
 FILL mask 0xff
 *(SORT_BY_ALIGNMENT(.text_Flash2))
 *(SORT_BY_ALIGNMENT(.text_PROGRAM_FLASH1))
 *(SORT_BY_ALIGNMENT(.text.$Flash2))
 *(SORT_BY_ALIGNMENT(.text.$PROGRAM_FLASH1))
 *(SORT_BY_ALIGNMENT(.text_Flash2.*))
 *(SORT_BY_ALIGNMENT(.text_PROGRAM_FLASH1.*))
 *(SORT_BY_ALIGNMENT(.text.$Flash2.*))
 *(SORT_BY_ALIGNMENT(.text.$PROGRAM_FLASH1.*))
 *(SORT_BY_ALIGNMENT(.rodata.$Flash2))
 *(SORT_BY_ALIGNMENT(.rodata.$PROGRAM_FLASH1))
 *(SORT_BY_ALIGNMENT(.rodata.$Flash2.*))
 *(SORT_BY_ALIGNMENT(.rodata.$PROGRAM_FLASH1.*))

.text           0x00000000     0x6f2c
 FILL mask 0xff
                0x00000000                        __vectors_start__ = ABSOLUTE (.)
 *(SORT_BY_ALIGNMENT(.isr_vector))
 .isr_vector    0x00000000      0x2b0 ./startup/startup_mcxn947_cm33_core0.o
                0x00000000                g_pfnVectors
                0x00000000                __Vectors
                0x000002b0                        . = ALIGN (0x4)
                0x000002b0                        __section_table_start = .
                0x000002b0                        __data_section_table = .
                0x000002b0        0x4 LONG 0x6f2c LOADADDR (.data)
                0x000002b4        0x4 LONG 0x20000000 ADDR (.data)
                0x000002b8        0x4 LONG 0x54 SIZEOF (.data)
                0x000002bc        0x4 LONG 0x6f2c LOADADDR (.data_RAM2)
                0x000002c0        0x4 LONG 0x4000000 ADDR (.data_RAM2)
                0x000002c4        0x4 LONG 0x0 SIZEOF (.data_RAM2)
                0x000002c8        0x4 LONG 0x6f2c LOADADDR (.data_RAM3)
                0x000002cc        0x4 LONG 0x20060000 ADDR (.data_RAM3)
                0x000002d0        0x4 LONG 0x0 SIZEOF (.data_RAM3)
                0x000002d4        0x4 LONG 0x6f2c LOADADDR (.data_RAM4)
                0x000002d8        0x4 LONG 0x400ba000 ADDR (.data_RAM4)
                0x000002dc        0x4 LONG 0x0 SIZEOF (.data_RAM4)
                0x000002e0                        __data_section_table_end = .
                0x000002e0                        __bss_section_table = .
                0x000002e0        0x4 LONG 0x20000058 ADDR (.bss)
                0x000002e4        0x4 LONG 0x1658 SIZEOF (.bss)
                0x000002e8        0x4 LONG 0x4000000 ADDR (.bss_RAM2)
                0x000002ec        0x4 LONG 0x0 SIZEOF (.bss_RAM2)
                0x000002f0        0x4 LONG 0x20060000 ADDR (.bss_RAM3)
                0x000002f4        0x4 LONG 0x0 SIZEOF (.bss_RAM3)
                0x000002f8        0x4 LONG 0x400ba000 ADDR (.bss_RAM4)
                0x000002fc        0x4 LONG 0x0 SIZEOF (.bss_RAM4)
                0x00000300                        __bss_section_table_end = .
                0x00000300                        __section_table_end = .
 *(SORT_BY_ALIGNMENT(.after_vectors*))
 .after_vectors.reset
                0x00000300       0x68 ./startup/startup_mcxn947_cm33_core0.o
                0x00000300                ResetISR
 .after_vectors.init_data
                0x00000368       0x1e ./startup/startup_mcxn947_cm33_core0.o
                0x00000368                data_init
 .after_vectors.init_bss
                0x00000386       0x12 ./startup/startup_mcxn947_cm33_core0.o
                0x00000386                bss_init
 .after_vectors
                0x00000398       0x16 ./startup/startup_mcxn947_cm33_core0.o
                0x00000398                NMI_Handler
                0x0000039c                MemManage_Handler
                0x0000039e                BusFault_Handler
                0x000003a0                UsageFault_Handler
                0x000003a2                SecureFault_Handler
                0x000003a4                SVC_Handler
                0x000003a6                DebugMon_Handler
                0x000003a8                PendSV_Handler
                0x000003aa                SysTick_Handler
                0x000003ac                PKC_ERR_DriverIRQHandler
                0x000003ac                QDC1_HOME_DriverIRQHandler
                0x000003ac                EDMA_0_CH5_DriverIRQHandler
                0x000003ac                EDMA_0_CH14_DriverIRQHandler
                0x000003ac                EDMA_1_CH0_DriverIRQHandler
                0x000003ac                I3C0_DriverIRQHandler
                0x000003ac                CMC0_DriverIRQHandler
                0x000003ac                EDMA_0_CH15_DriverIRQHandler
                0x000003ac                LPTMR0_DriverIRQHandler
                0x000003ac                EDMA_0_CH2_DriverIRQHandler
                0x000003ac                USB0_FS_DriverIRQHandler
                0x000003ac                FLEXPWM1_SUBMODULE1_DriverIRQHandler
                0x000003ac                FLEXPWM0_SUBMODULE1_DriverIRQHandler
                0x000003ac                SCG_DriverIRQHandler
                0x000003ac                EDMA_1_CH13_DriverIRQHandler
                0x000003ac                EDMA_1_CH11_DriverIRQHandler
                0x000003ac                FLEXPWM0_RELOAD_ERROR_DriverIRQHandler
                0x000003ac                QDC0_HOME_DriverIRQHandler
                0x000003ac                Reserved167_DriverIRQHandler
                0x000003ac                EDMA_1_CH9_DriverIRQHandler
                0x000003ac                SEC_VIO_DriverIRQHandler
                0x000003ac                ERM_MULTI_BIT_ERROR_DriverIRQHandler
                0x000003ac                GPIO31_DriverIRQHandler
                0x000003ac                EWM0_DriverIRQHandler
                0x000003ac                PKC_DriverIRQHandler
                0x000003ac                EDMA_0_CH10_DriverIRQHandler
                0x000003ac                USB1_HS_PHY_DriverIRQHandler
                0x000003ac                QDC0_IDX_DriverIRQHandler
                0x000003ac                ELS_DriverIRQHandler
                0x000003ac                Reserved166_DriverIRQHandler
                0x000003ac                EDMA_1_CH2_DriverIRQHandler
                0x000003ac                ETHERNET_DriverIRQHandler
                0x000003ac                QDC1_IDX_DriverIRQHandler
                0x000003ac                EDMA_1_CH14_DriverIRQHandler
                0x000003ac                FLEXPWM1_SUBMODULE3_DriverIRQHandler
                0x000003ac                EDMA_1_CH7_DriverIRQHandler
                0x000003ac                EDMA_1_CH6_DriverIRQHandler
                0x000003ac                DAC1_DriverIRQHandler
                0x000003ac                EMVSIM0_DriverIRQHandler
                0x000003ac                ITRC0_DriverIRQHandler
                0x000003ac                WWDT1_DriverIRQHandler
                0x000003ac                ETB0_DriverIRQHandler
                0x000003ac                Freqme_DriverIRQHandler
                0x000003ac                Reserved80_DriverIRQHandler
                0x000003ac                IntDefaultHandler
                0x000003ac                ELS_ERR_DriverIRQHandler
                0x000003ac                FLEXIO_DriverIRQHandler
                0x000003ac                DAC0_DriverIRQHandler
                0x000003ac                MRT0_DriverIRQHandler
                0x000003ac                UTICK0_DriverIRQHandler
                0x000003ac                FLEXPWM0_SUBMODULE2_DriverIRQHandler
                0x000003ac                GPIO01_DriverIRQHandler
                0x000003ac                EDMA_0_CH3_DriverIRQHandler
                0x000003ac                WWDT0_DriverIRQHandler
                0x000003ac                USDHC0_DriverIRQHandler
                0x000003ac                GPIO00_DriverIRQHandler
                0x000003ac                EDMA_0_CH4_DriverIRQHandler
                0x000003ac                GPIO11_DriverIRQHandler
                0x000003ac                BSP32_DriverIRQHandler
                0x000003ac                FLEXPWM0_FAULT_DriverIRQHandler
                0x000003ac                EDMA_1_CH1_DriverIRQHandler
                0x000003ac                SAI1_DriverIRQHandler
                0x000003ac                ERM_SINGLE_BIT_ERROR_DriverIRQHandler
                0x000003ac                GPIO21_DriverIRQHandler
                0x000003ac                FLEXPWM1_FAULT_DriverIRQHandler
                0x000003ac                GPIO30_DriverIRQHandler
                0x000003ac                QDC0_COMPARE_DriverIRQHandler
                0x000003ac                PINT0_DriverIRQHandler
                0x000003ac                ADC1_DriverIRQHandler
                0x000003ac                PQ_DriverIRQHandler
                0x000003ac                ETHERNET_MACLP_DriverIRQHandler
                0x000003ac                USB0_DCD_DriverIRQHandler
                0x000003ac                EDMA_0_CH11_DriverIRQHandler
                0x000003ac                MAILBOX_DriverIRQHandler
                0x000003ac                WUU_DriverIRQHandler
                0x000003ac                EDMA_0_CH6_DriverIRQHandler
                0x000003ac                FLEXPWM1_SUBMODULE0_DriverIRQHandler
                0x000003ac                CDOG1_DriverIRQHandler
                0x000003ac                TSI_OUT_OF_SCAN_DriverIRQHandler
                0x000003ac                EDMA_1_CH4_DriverIRQHandler
                0x000003ac                PUF_DriverIRQHandler
                0x000003ac                SPC_DriverIRQHandler
                0x000003ac                RTC_DriverIRQHandler
                0x000003ac                VBAT0_DriverIRQHandler
                0x000003ac                Reserved65_DriverIRQHandler
                0x000003ac                HSCMP2_DriverIRQHandler
                0x000003ac                EDMA_0_CH0_DriverIRQHandler
                0x000003ac                EDMA_1_CH5_DriverIRQHandler
                0x000003ac                PDM_EVENT_DriverIRQHandler
                0x000003ac                EDMA_0_CH9_DriverIRQHandler
                0x000003ac                ETHERNET_PMT_DriverIRQHandler
                0x000003ac                FLEXPWM1_RELOAD_ERROR_DriverIRQHandler
                0x000003ac                FMU0_DriverIRQHandler
                0x000003ac                QDC1_COMPARE_DriverIRQHandler
                0x000003ac                EDMA_0_CH8_DriverIRQHandler
                0x000003ac                LPTMR1_DriverIRQHandler
                0x000003ac                GPIO40_DriverIRQHandler
                0x000003ac                CTI0_DriverIRQHandler
                0x000003ac                EDMA_1_CH3_DriverIRQHandler
                0x000003ac                EDMA_1_CH15_DriverIRQHandler
                0x000003ac                FLEXPWM1_SUBMODULE2_DriverIRQHandler
                0x000003ac                GPIO20_DriverIRQHandler
                0x000003ac                QDC1_WDG_SAB_DriverIRQHandler
                0x000003ac                EDMA_1_CH8_DriverIRQHandler
                0x000003ac                GDET_DriverIRQHandler
                0x000003ac                PORT_EFT_DriverIRQHandler
                0x000003ac                Reserved85_DriverIRQHandler
                0x000003ac                Reserved81_DriverIRQHandler
                0x000003ac                TSI_END_OF_SCAN_DriverIRQHandler
                0x000003ac                FLEXPWM0_SUBMODULE3_DriverIRQHandler
                0x000003ac                ADC0_DriverIRQHandler
                0x000003ac                OR_DriverIRQHandler
                0x000003ac                EDMA_0_CH13_DriverIRQHandler
                0x000003ac                USB1_HS_DriverIRQHandler
                0x000003ac                EDMA_0_CH1_DriverIRQHandler
                0x000003ac                DAC2_DriverIRQHandler
                0x000003ac                GPIO51_DriverIRQHandler
                0x000003ac                HSCMP0_DriverIRQHandler
                0x000003ac                EDMA_0_CH12_DriverIRQHandler
                0x000003ac                QDC0_WDG_SAB_DriverIRQHandler
                0x000003ac                CDOG0_DriverIRQHandler
                0x000003ac                CAN0_DriverIRQHandler
                0x000003ac                SMARTDMA_DriverIRQHandler
                0x000003ac                SAI0_DriverIRQHandler
                0x000003ac                EMVSIM1_DriverIRQHandler
                0x000003ac                I3C1_DriverIRQHandler
                0x000003ac                EDMA_0_CH7_DriverIRQHandler
                0x000003ac                HSCMP1_DriverIRQHandler
                0x000003ac                EDMA_1_CH10_DriverIRQHandler
                0x000003ac                EDMA_1_CH12_DriverIRQHandler
                0x000003ac                FLEXSPI0_DriverIRQHandler
                0x000003ac                GPIO50_DriverIRQHandler
                0x000003ac                GPIO10_DriverIRQHandler
                0x000003ac                SCT0_DriverIRQHandler
                0x000003ac                CAN1_DriverIRQHandler
                0x000003ac                PLU_DriverIRQHandler
                0x000003ac                FLEXPWM0_SUBMODULE0_DriverIRQHandler
                0x000003ac                OS_EVENT_DriverIRQHandler
                0x000003ac                SINC_FILTER_DriverIRQHandler
                0x000003ac                NPU_DriverIRQHandler
                0x000003ac                GPIO41_DriverIRQHandler
                0x000003ac                SEC_HYPERVISOR_CALL_DriverIRQHandler
 *(SORT_BY_ALIGNMENT(.text*))
 *fill*         0x000003ae        0x2 ff
 .text.DbgConsole_SendDataReliable
                0x000003b0       0x54 ./utilities/debug_console/fsl_debug_console.o
                0x000003b0                DbgConsole_SendDataReliable
 .text.DbgConsole_Init
                0x00000404      0x138 ./utilities/debug_console/fsl_debug_console.o
                0x00000404                DbgConsole_Init
 .text.__assertion_failed
                0x0000053c       0x2c ./utilities/fsl_assert.o
                0x0000053c                __assertion_failed
 .text.LPADC_ClearTriggerStatusFlags
                0x00000568       0x38 ./source/MCXN947_TP3.o
 .text.UpdateLedColor
                0x000005a0       0x7c ./source/MCXN947_TP3.o
 .text.LED_SetColor
                0x0000061c       0x48 ./source/MCXN947_TP3.o
 .text.ADC0_IRQHandler
                0x00000664       0x8c ./source/MCXN947_TP3.o
                0x00000664                ADC0_IRQHandler
 .text.GPIO00_IRQHandler
                0x000006f0       0x70 ./source/MCXN947_TP3.o
                0x000006f0                GPIO00_IRQHandler
 .text.GPIO01_IRQHandler
                0x00000760       0xbc ./source/MCXN947_TP3.o
                0x00000760                GPIO01_IRQHandler
 .text.main     0x0000081c      0x12c ./source/MCXN947_TP3.o
                0x0000081c                main
 .text.CLOCK_IsPLL0Locked
                0x00000948       0x28 ./drivers/fsl_clock.o
 .text.CLOCK_SetupFROHFClocking
                0x00000970       0x9c ./drivers/fsl_clock.o
                0x00000970                CLOCK_SetupFROHFClocking
 .text.CLOCK_SetPll0MonitorMode
                0x00000a0c       0x38 ./drivers/fsl_clock.o
                0x00000a0c                CLOCK_SetPll0MonitorMode
 .text.CLOCK_AttachClk
                0x00000a44       0xb0 ./drivers/fsl_clock.o
                0x00000a44                CLOCK_AttachClk
 .text.CLOCK_SetClkDiv
                0x00000af4       0x54 ./drivers/fsl_clock.o
                0x00000af4                CLOCK_SetClkDiv
 .text.CLOCK_GetPLL0InClockRate
                0x00000b48       0x5c ./drivers/fsl_clock.o
                0x00000b48                CLOCK_GetPLL0InClockRate
 .text.CLOCK_SetPLL0Freq
                0x00000ba4      0x10c ./drivers/fsl_clock.o
                0x00000ba4                CLOCK_SetPLL0Freq
 .text.CLOCK_GetClk48MFreq
                0x00000cb0       0x2c ./drivers/fsl_clock.o
 .text.CLOCK_GetExtClkFreq
                0x00000cdc       0x2c ./drivers/fsl_clock.o
 .text.CLOCK_GetOsc32KFreq
                0x00000d08       0x4c ./drivers/fsl_clock.o
 .text.findPll0PreDiv
                0x00000d54       0x40 ./drivers/fsl_clock.o
 .text.findPll0PostDiv
                0x00000d94       0x60 ./drivers/fsl_clock.o
 .text.findPll0MMult
                0x00000df4       0xac ./drivers/fsl_clock.o
 .text.SDK_DelayAtLeastUs
                0x00000ea0       0x8c ./drivers/fsl_common_arm.o
                0x00000ea0                SDK_DelayAtLeastUs
 .text.__NVIC_EnableIRQ
                0x00000f2c       0x3c ./drivers/fsl_ctimer.o
 .text.CTIMER_GetInstance
                0x00000f68       0x54 ./drivers/fsl_ctimer.o
 .text.CTIMER_Init
                0x00000fbc       0x80 ./drivers/fsl_ctimer.o
                0x00000fbc                CTIMER_Init
 .text.CTIMER_SetupMatch
                0x0000103c      0x128 ./drivers/fsl_ctimer.o
                0x0000103c                CTIMER_SetupMatch
 .text.CTIMER_GenericIRQHandler
                0x00001164       0xb4 ./drivers/fsl_ctimer.o
 .text.DAC_GetInstance
                0x00001218       0x4c ./drivers/fsl_dac.o
 .text.DAC_Init
                0x00001264      0x138 ./drivers/fsl_dac.o
                0x00001264                DAC_Init
 .text.GPIO_GetInstance
                0x0000139c       0x4c ./drivers/fsl_gpio.o
 .text.GPIO_PortClockEnable
                0x000013e8       0x54 ./drivers/fsl_gpio.o
 .text.GPIO_PinInit
                0x0000143c       0x6c ./drivers/fsl_gpio.o
                0x0000143c                GPIO_PinInit
 .text.GPIO_GpioGetInterruptChannelFlags
                0x000014a8       0x2c ./drivers/fsl_gpio.o
                0x000014a8                GPIO_GpioGetInterruptChannelFlags
 .text.GPIO_GpioClearInterruptChannelFlags
                0x000014d4       0x30 ./drivers/fsl_gpio.o
                0x000014d4                GPIO_GpioClearInterruptChannelFlags
 .text.LPADC_GetInstance
                0x00001504       0x4c ./drivers/fsl_lpadc.o
 .text.LPADC_GetGainConvResult
                0x00001550      0x134 ./drivers/fsl_lpadc.o
 .text.LPADC_Init
                0x00001684      0x170 ./drivers/fsl_lpadc.o
                0x00001684                LPADC_Init
 .text.LPADC_GetConvResult
                0x000017f4       0x70 ./drivers/fsl_lpadc.o
                0x000017f4                LPADC_GetConvResult
 .text.LPADC_SetConvTriggerConfig
                0x00001864       0x8c ./drivers/fsl_lpadc.o
                0x00001864                LPADC_SetConvTriggerConfig
 .text.LPADC_SetConvCommandConfig
                0x000018f0      0x160 ./drivers/fsl_lpadc.o
                0x000018f0                LPADC_SetConvCommandConfig
 .text.LPADC_PrepareAutoCalibration
                0x00001a50       0x44 ./drivers/fsl_lpadc.o
                0x00001a50                LPADC_PrepareAutoCalibration
 .text.LP_FLEXCOMM_GetInterruptStatus
                0x00001a94       0x28 ./drivers/fsl_lpflexcomm.o
                0x00001a94                LP_FLEXCOMM_GetInterruptStatus
 .text.LP_FLEXCOMM_SetPeriph
                0x00001abc       0x94 ./drivers/fsl_lpflexcomm.o
 .text.LP_FLEXCOMM_Init
                0x00001b50       0x58 ./drivers/fsl_lpflexcomm.o
                0x00001b50                LP_FLEXCOMM_Init
 .text.LP_FLEXCOMM_CommonIRQHandler
                0x00001ba8       0xb8 ./drivers/fsl_lpflexcomm.o
 .text.LPUART_GetInstance
                0x00001c60       0x4c ./drivers/fsl_lpuart.o
                0x00001c60                LPUART_GetInstance
 .text.LPUART_Init
                0x00001cac      0x3d4 ./drivers/fsl_lpuart.o
                0x00001cac                LPUART_Init
 .text.LPUART_GetDefaultConfig
                0x00002080       0x8c ./drivers/fsl_lpuart.o
                0x00002080                LPUART_GetDefaultConfig
 .text.LPUART_WriteBlocking
                0x0000210c       0x68 ./drivers/fsl_lpuart.o
                0x0000210c                LPUART_WriteBlocking
 .text.PQ_SetConfig
                0x00002174       0x94 ./drivers/fsl_powerquad_basic.o
                0x00002174                PQ_SetConfig
 .text.PQ_Init  0x00002208       0x2c ./drivers/fsl_powerquad_basic.o
                0x00002208                PQ_Init
 .text.PQ_TransformRFFT
                0x00002234       0x94 ./drivers/fsl_powerquad_transform.o
                0x00002234                PQ_TransformRFFT
 .text.RESET_SetPeripheralReset
                0x000022c8       0x64 ./drivers/fsl_reset.o
                0x000022c8                RESET_SetPeripheralReset
 .text.RESET_ClearPeripheralReset
                0x0000232c       0x64 ./drivers/fsl_reset.o
                0x0000232c                RESET_ClearPeripheralReset
 .text.SPC_SetSRAMOperateVoltage
                0x00002390       0x58 ./drivers/fsl_spc.o
                0x00002390                SPC_SetSRAMOperateVoltage
 .text.SPC_SetActiveModeCoreLDORegulatorConfig
                0x000023e8       0x94 ./drivers/fsl_spc.o
                0x000023e8                SPC_SetActiveModeCoreLDORegulatorConfig
 .text.SPC_SetActiveModeDCDCRegulatorConfig
                0x0000247c       0x68 ./drivers/fsl_spc.o
                0x0000247c                SPC_SetActiveModeDCDCRegulatorConfig
 .text.VREF_GetInstance
                0x000024e4       0x44 ./drivers/fsl_vref.o
 .text.VREF_Init
                0x00002528       0xdc ./drivers/fsl_vref.o
                0x00002528                VREF_Init
 .text.SystemInit
                0x00002604      0x124 ./device/system_MCXN947_cm33_core0.o
                0x00002604                SystemInit
 .text.HAL_UartInitCommon
                0x00002728       0xe4 ./component/uart/fsl_adapter_lpuart.o
 .text.HAL_UartInit
                0x0000280c       0x84 ./component/uart/fsl_adapter_lpuart.o
                0x0000280c                HAL_UartInit
 .text.HAL_UartSendBlocking
                0x00002890       0x64 ./component/uart/fsl_adapter_lpuart.o
                0x00002890                HAL_UartSendBlocking
 .text.BOARD_InitDebugConsole
                0x000028f4       0x38 ./board/board.o
                0x000028f4                BOARD_InitDebugConsole
 .text.BOARD_BootClockPLL150M
                0x0000292c      0x150 ./board/clock_config.o
                0x0000292c                BOARD_BootClockPLL150M
 .text.__NVIC_EnableIRQ
                0x00002a7c       0x3c ./board/peripherals.o
 .text.__NVIC_SetPriority
                0x00002ab8       0x54 ./board/peripherals.o
 .text.LPADC_EnableInterrupts
                0x00002b0c       0x38 ./board/peripherals.o
 .text.ADC0_init
                0x00002b44       0x58 ./board/peripherals.o
 .text.VREF0_init
                0x00002b9c       0x24 ./board/peripherals.o
 .text.DAC0_init
                0x00002bc0       0x34 ./board/peripherals.o
 .text.DAC1_init
                0x00002bf4       0x34 ./board/peripherals.o
 .text.CTIMER0_init
                0x00002c28       0x28 ./board/peripherals.o
 .text.LP_FLEXCOMM4_init
                0x00002c50       0x20 ./board/peripherals.o
 .text.POWERQUAD_init
                0x00002c70       0x20 ./board/peripherals.o
 .text.PORT_SetPinConfig
                0x00002c90       0x38 ./board/pin_mux.o
 .text.GPIO_SetPinInterruptConfig
                0x00002cc8       0x4c ./board/pin_mux.o
 .text.BOARD_InitDEBUG_UARTPins
                0x00002d14       0x5c ./board/pin_mux.o
                0x00002d14                BOARD_InitDEBUG_UARTPins
 .text.BOARD_InitLEDsPins
                0x00002d70       0xc4 ./board/pin_mux.o
                0x00002d70                BOARD_InitLEDsPins
 .text.BOARD_InitBUTTONsPins
                0x00002e34       0xb0 ./board/pin_mux.o
                0x00002e34                BOARD_InitBUTTONsPins
 .text.BOARD_InitANALOGPins
                0x00002ee4       0x84 ./board/pin_mux.o
                0x00002ee4                BOARD_InitANALOGPins
 .text.malloc   0x00002f68       0xc8 C:/Nxp/MCUXpressoIDE_25.6.136/ide/plugins/com.nxp.mcuxpresso.tools.win32_25.6.0.202501151204/tools/bin/../lib/gcc/arm-none-eabi/14.2.1/../../../../arm-none-eabi/lib/thumb/v8-m.main+fp/hard\libcr_c.a(alloc.o)
                0x00002f68                malloc
 .text._Csys_alloc
                0x00003030       0x20 C:/Nxp/MCUXpressoIDE_25.6.136/ide/plugins/com.nxp.mcuxpresso.tools.win32_25.6.0.202501151204/tools/bin/../lib/gcc/arm-none-eabi/14.2.1/../../../../arm-none-eabi/lib/thumb/v8-m.main+fp/hard\libcr_c.a(alloc.o)
                0x00003030                _Csys_alloc
 .text._initio  0x00003050       0x78 C:/Nxp/MCUXpressoIDE_25.6.136/ide/plugins/com.nxp.mcuxpresso.tools.win32_25.6.0.202501151204/tools/bin/../lib/gcc/arm-none-eabi/14.2.1/../../../../arm-none-eabi/lib/thumb/v8-m.main+fp/hard\libcr_c.a(initio.o)
                0x00003050                _initio
 .text.__vfprintf
                0x000030c8      0xb64 C:/Nxp/MCUXpressoIDE_25.6.136/ide/plugins/com.nxp.mcuxpresso.tools.win32_25.6.0.202501151204/tools/bin/../lib/gcc/arm-none-eabi/14.2.1/../../../../arm-none-eabi/lib/thumb/v8-m.main+fp/hard\libcr_c.a(printf.o)
                0x000030c8                __vfprintf
 .text._vsnprintf
                0x00003c2c       0x68 C:/Nxp/MCUXpressoIDE_25.6.136/ide/plugins/com.nxp.mcuxpresso.tools.win32_25.6.0.202501151204/tools/bin/../lib/gcc/arm-none-eabi/14.2.1/../../../../arm-none-eabi/lib/thumb/v8-m.main+fp/hard\libcr_c.a(printf.o)
                0x00003c2c                _vsnprintf
 .text._printf  0x00003c94       0x54 C:/Nxp/MCUXpressoIDE_25.6.136/ide/plugins/com.nxp.mcuxpresso.tools.win32_25.6.0.202501151204/tools/bin/../lib/gcc/arm-none-eabi/14.2.1/../../../../arm-none-eabi/lib/thumb/v8-m.main+fp/hard\libcr_c.a(printf.o)
                0x00003c94                _printf
 .text._sbrk    0x00003ce8       0x3c C:/Nxp/MCUXpressoIDE_25.6.136/ide/plugins/com.nxp.mcuxpresso.tools.win32_25.6.0.202501151204/tools/bin/../lib/gcc/arm-none-eabi/14.2.1/../../../../arm-none-eabi/lib/thumb/v8-m.main+fp/hard\libcr_c.a(_cr_sbrk.o)
                0x00003ce8                _sbrk
 .text._Cwritebuf
                0x00003d24       0x70 C:/Nxp/MCUXpressoIDE_25.6.136/ide/plugins/com.nxp.mcuxpresso.tools.win32_25.6.0.202501151204/tools/bin/../lib/gcc/arm-none-eabi/14.2.1/../../../../arm-none-eabi/lib/thumb/v8-m.main+fp/hard\libcr_c.a(_writebuf.o)
                0x00003d24                _Cwritebuf
 .text.fflush   0x00003d94       0x3c C:/Nxp/MCUXpressoIDE_25.6.136/ide/plugins/com.nxp.mcuxpresso.tools.win32_25.6.0.202501151204/tools/bin/../lib/gcc/arm-none-eabi/14.2.1/../../../../arm-none-eabi/lib/thumb/v8-m.main+fp/hard\libcr_c.a(fflush.o)
                0x00003d94                fflush
 .text.fseek    0x00003dd0       0xf8 C:/Nxp/MCUXpressoIDE_25.6.136/ide/plugins/com.nxp.mcuxpresso.tools.win32_25.6.0.202501151204/tools/bin/../lib/gcc/arm-none-eabi/14.2.1/../../../../arm-none-eabi/lib/thumb/v8-m.main+fp/hard\libcr_c.a(fseek.o)
                0x00003dd0                fseek
 .text.ftell    0x00003ec8       0x44 C:/Nxp/MCUXpressoIDE_25.6.136/ide/plugins/com.nxp.mcuxpresso.tools.win32_25.6.0.202501151204/tools/bin/../lib/gcc/arm-none-eabi/14.2.1/../../../../arm-none-eabi/lib/thumb/v8-m.main+fp/hard\libcr_c.a(ftell.o)
                0x00003ec8                ftell
 .text.__check_heap_overflow
                0x00003f0c       0x18 C:/Nxp/MCUXpressoIDE_25.6.136/ide/plugins/com.nxp.mcuxpresso.tools.win32_25.6.0.202501151204/tools/bin/../lib/gcc/arm-none-eabi/14.2.1/../../../../arm-none-eabi/lib/thumb/v8-m.main+fp/hard\libcr_c.a(_cr_check_heap.o)
                0x00003f0c                __check_heap_overflow
 .text.__aeabi_ddiv
                0x00003f24      0x134 C:/Nxp/MCUXpressoIDE_25.6.136/ide/plugins/com.nxp.mcuxpresso.tools.win32_25.6.0.202501151204/tools/bin/../lib/gcc/arm-none-eabi/14.2.1/thumb/v8-m.main+fp/hard\libcr_eabihelpers.a(double.o)
                0x00003f24                __aeabi_ddiv
 .text.__aeabi_dsub
                0x00004058      0x1b4 C:/Nxp/MCUXpressoIDE_25.6.136/ide/plugins/com.nxp.mcuxpresso.tools.win32_25.6.0.202501151204/tools/bin/../lib/gcc/arm-none-eabi/14.2.1/thumb/v8-m.main+fp/hard\libcr_eabihelpers.a(double.o)
                0x00004058                __aeabi_dsub
 .text.__aeabi_dadd
                0x0000420c      0x128 C:/Nxp/MCUXpressoIDE_25.6.136/ide/plugins/com.nxp.mcuxpresso.tools.win32_25.6.0.202501151204/tools/bin/../lib/gcc/arm-none-eabi/14.2.1/thumb/v8-m.main+fp/hard\libcr_eabihelpers.a(double.o)
                0x0000420c                __aeabi_dadd
 .text.__aeabi_d2f
                0x00004334       0x58 C:/Nxp/MCUXpressoIDE_25.6.136/ide/plugins/com.nxp.mcuxpresso.tools.win32_25.6.0.202501151204/tools/bin/../lib/gcc/arm-none-eabi/14.2.1/thumb/v8-m.main+fp/hard\libcr_eabihelpers.a(double.o)
                0x00004334                __aeabi_d2f
 .text.__sys_appexit
                0x0000438c        0xc C:/Nxp/MCUXpressoIDE_25.6.136/ide/plugins/com.nxp.mcuxpresso.tools.win32_25.6.0.202501151204/tools/bin/../lib/gcc/arm-none-eabi/14.2.1/../../../../arm-none-eabi/lib/thumb/v8-m.main+fp/hard\libcr_semihost_nf.a(__sys_appexit.o)
                0x0000438c                __sys_appexit
                0x0000438c                __exit
 .text.__sys_write
                0x00004398       0x3e ./utilities/debug_console/fsl_debug_console.o
                0x00004398                __sys_write
 .text.fsl_assert_hook
                0x000043d6       0x1a ./utilities/fsl_assert.o
                0x000043d6                fsl_assert_hook
 .text.OR_IRQHandler
                0x000043f0        0x8 ./startup/startup_mcxn947_cm33_core0.o
                0x000043f0                OR_IRQHandler
 .text.EDMA_0_CH0_IRQHandler
                0x000043f8        0x8 ./startup/startup_mcxn947_cm33_core0.o
                0x000043f8                EDMA_0_CH0_IRQHandler
 .text.EDMA_0_CH1_IRQHandler
                0x00004400        0x8 ./startup/startup_mcxn947_cm33_core0.o
                0x00004400                EDMA_0_CH1_IRQHandler
 .text.EDMA_0_CH2_IRQHandler
                0x00004408        0x8 ./startup/startup_mcxn947_cm33_core0.o
                0x00004408                EDMA_0_CH2_IRQHandler
 .text.EDMA_0_CH3_IRQHandler
                0x00004410        0x8 ./startup/startup_mcxn947_cm33_core0.o
                0x00004410                EDMA_0_CH3_IRQHandler
 .text.EDMA_0_CH4_IRQHandler
                0x00004418        0x8 ./startup/startup_mcxn947_cm33_core0.o
                0x00004418                EDMA_0_CH4_IRQHandler
 .text.EDMA_0_CH5_IRQHandler
                0x00004420        0x8 ./startup/startup_mcxn947_cm33_core0.o
                0x00004420                EDMA_0_CH5_IRQHandler
 .text.EDMA_0_CH6_IRQHandler
                0x00004428        0x8 ./startup/startup_mcxn947_cm33_core0.o
                0x00004428                EDMA_0_CH6_IRQHandler
 .text.EDMA_0_CH7_IRQHandler
                0x00004430        0x8 ./startup/startup_mcxn947_cm33_core0.o
                0x00004430                EDMA_0_CH7_IRQHandler
 .text.EDMA_0_CH8_IRQHandler
                0x00004438        0x8 ./startup/startup_mcxn947_cm33_core0.o
                0x00004438                EDMA_0_CH8_IRQHandler
 .text.EDMA_0_CH9_IRQHandler
                0x00004440        0x8 ./startup/startup_mcxn947_cm33_core0.o
                0x00004440                EDMA_0_CH9_IRQHandler
 .text.EDMA_0_CH10_IRQHandler
                0x00004448        0x8 ./startup/startup_mcxn947_cm33_core0.o
                0x00004448                EDMA_0_CH10_IRQHandler
 .text.EDMA_0_CH11_IRQHandler
                0x00004450        0x8 ./startup/startup_mcxn947_cm33_core0.o
                0x00004450                EDMA_0_CH11_IRQHandler
 .text.EDMA_0_CH12_IRQHandler
                0x00004458        0x8 ./startup/startup_mcxn947_cm33_core0.o
                0x00004458                EDMA_0_CH12_IRQHandler
 .text.EDMA_0_CH13_IRQHandler
                0x00004460        0x8 ./startup/startup_mcxn947_cm33_core0.o
                0x00004460                EDMA_0_CH13_IRQHandler
 .text.EDMA_0_CH14_IRQHandler
                0x00004468        0x8 ./startup/startup_mcxn947_cm33_core0.o
                0x00004468                EDMA_0_CH14_IRQHandler
 .text.EDMA_0_CH15_IRQHandler
                0x00004470        0x8 ./startup/startup_mcxn947_cm33_core0.o
                0x00004470                EDMA_0_CH15_IRQHandler
 .text.GPIO10_IRQHandler
                0x00004478        0x8 ./startup/startup_mcxn947_cm33_core0.o
                0x00004478                GPIO10_IRQHandler
 .text.GPIO11_IRQHandler
                0x00004480        0x8 ./startup/startup_mcxn947_cm33_core0.o
                0x00004480                GPIO11_IRQHandler
 .text.GPIO20_IRQHandler
                0x00004488        0x8 ./startup/startup_mcxn947_cm33_core0.o
                0x00004488                GPIO20_IRQHandler
 .text.GPIO21_IRQHandler
                0x00004490        0x8 ./startup/startup_mcxn947_cm33_core0.o
                0x00004490                GPIO21_IRQHandler
 .text.GPIO30_IRQHandler
                0x00004498        0x8 ./startup/startup_mcxn947_cm33_core0.o
                0x00004498                GPIO30_IRQHandler
 .text.GPIO31_IRQHandler
                0x000044a0        0x8 ./startup/startup_mcxn947_cm33_core0.o
                0x000044a0                GPIO31_IRQHandler
 .text.GPIO40_IRQHandler
                0x000044a8        0x8 ./startup/startup_mcxn947_cm33_core0.o
                0x000044a8                GPIO40_IRQHandler
 .text.GPIO41_IRQHandler
                0x000044b0        0x8 ./startup/startup_mcxn947_cm33_core0.o
                0x000044b0                GPIO41_IRQHandler
 .text.GPIO50_IRQHandler
                0x000044b8        0x8 ./startup/startup_mcxn947_cm33_core0.o
                0x000044b8                GPIO50_IRQHandler
 .text.GPIO51_IRQHandler
                0x000044c0        0x8 ./startup/startup_mcxn947_cm33_core0.o
                0x000044c0                GPIO51_IRQHandler
 .text.UTICK0_IRQHandler
                0x000044c8        0x8 ./startup/startup_mcxn947_cm33_core0.o
                0x000044c8                UTICK0_IRQHandler
 .text.MRT0_IRQHandler
                0x000044d0        0x8 ./startup/startup_mcxn947_cm33_core0.o
                0x000044d0                MRT0_IRQHandler
 .text.CTIMER0_IRQHandler
                0x000044d8        0x8 ./startup/startup_mcxn947_cm33_core0.o
                0x000044d8                CTIMER0_IRQHandler
 .text.CTIMER1_IRQHandler
                0x000044e0        0x8 ./startup/startup_mcxn947_cm33_core0.o
                0x000044e0                CTIMER1_IRQHandler
 .text.SCT0_IRQHandler
                0x000044e8        0x8 ./startup/startup_mcxn947_cm33_core0.o
                0x000044e8                SCT0_IRQHandler
 .text.CTIMER2_IRQHandler
                0x000044f0        0x8 ./startup/startup_mcxn947_cm33_core0.o
                0x000044f0                CTIMER2_IRQHandler
 .text.LP_FLEXCOMM0_IRQHandler
                0x000044f8        0x8 ./startup/startup_mcxn947_cm33_core0.o
                0x000044f8                LP_FLEXCOMM0_IRQHandler
 .text.LP_FLEXCOMM1_IRQHandler
                0x00004500        0x8 ./startup/startup_mcxn947_cm33_core0.o
                0x00004500                LP_FLEXCOMM1_IRQHandler
 .text.LP_FLEXCOMM2_IRQHandler
                0x00004508        0x8 ./startup/startup_mcxn947_cm33_core0.o
                0x00004508                LP_FLEXCOMM2_IRQHandler
 .text.LP_FLEXCOMM3_IRQHandler
                0x00004510        0x8 ./startup/startup_mcxn947_cm33_core0.o
                0x00004510                LP_FLEXCOMM3_IRQHandler
 .text.LP_FLEXCOMM4_IRQHandler
                0x00004518        0x8 ./startup/startup_mcxn947_cm33_core0.o
                0x00004518                LP_FLEXCOMM4_IRQHandler
 .text.LP_FLEXCOMM5_IRQHandler
                0x00004520        0x8 ./startup/startup_mcxn947_cm33_core0.o
                0x00004520                LP_FLEXCOMM5_IRQHandler
 .text.LP_FLEXCOMM6_IRQHandler
                0x00004528        0x8 ./startup/startup_mcxn947_cm33_core0.o
                0x00004528                LP_FLEXCOMM6_IRQHandler
 .text.LP_FLEXCOMM7_IRQHandler
                0x00004530        0x8 ./startup/startup_mcxn947_cm33_core0.o
                0x00004530                LP_FLEXCOMM7_IRQHandler
 .text.LP_FLEXCOMM8_IRQHandler
                0x00004538        0x8 ./startup/startup_mcxn947_cm33_core0.o
                0x00004538                LP_FLEXCOMM8_IRQHandler
 .text.LP_FLEXCOMM9_IRQHandler
                0x00004540        0x8 ./startup/startup_mcxn947_cm33_core0.o
                0x00004540                LP_FLEXCOMM9_IRQHandler
 .text.ADC1_IRQHandler
                0x00004548        0x8 ./startup/startup_mcxn947_cm33_core0.o
                0x00004548                ADC1_IRQHandler
 .text.PINT0_IRQHandler
                0x00004550        0x8 ./startup/startup_mcxn947_cm33_core0.o
                0x00004550                PINT0_IRQHandler
 .text.PDM_EVENT_IRQHandler
                0x00004558        0x8 ./startup/startup_mcxn947_cm33_core0.o
                0x00004558                PDM_EVENT_IRQHandler
 .text.Reserved65_IRQHandler
                0x00004560        0x8 ./startup/startup_mcxn947_cm33_core0.o
                0x00004560                Reserved65_IRQHandler
 .text.USB0_FS_IRQHandler
                0x00004568        0x8 ./startup/startup_mcxn947_cm33_core0.o
                0x00004568                USB0_FS_IRQHandler
 .text.USB0_DCD_IRQHandler
                0x00004570        0x8 ./startup/startup_mcxn947_cm33_core0.o
                0x00004570                USB0_DCD_IRQHandler
 .text.RTC_IRQHandler
                0x00004578        0x8 ./startup/startup_mcxn947_cm33_core0.o
                0x00004578                RTC_IRQHandler
 .text.SMARTDMA_IRQHandler
                0x00004580        0x8 ./startup/startup_mcxn947_cm33_core0.o
                0x00004580                SMARTDMA_IRQHandler
 .text.MAILBOX_IRQHandler
                0x00004588        0x8 ./startup/startup_mcxn947_cm33_core0.o
                0x00004588                MAILBOX_IRQHandler
 .text.CTIMER3_IRQHandler
                0x00004590        0x8 ./startup/startup_mcxn947_cm33_core0.o
                0x00004590                CTIMER3_IRQHandler
 .text.CTIMER4_IRQHandler
                0x00004598        0x8 ./startup/startup_mcxn947_cm33_core0.o
                0x00004598                CTIMER4_IRQHandler
 .text.OS_EVENT_IRQHandler
                0x000045a0        0x8 ./startup/startup_mcxn947_cm33_core0.o
                0x000045a0                OS_EVENT_IRQHandler
 .text.FLEXSPI0_IRQHandler
                0x000045a8        0x8 ./startup/startup_mcxn947_cm33_core0.o
                0x000045a8                FLEXSPI0_IRQHandler
 .text.SAI0_IRQHandler
                0x000045b0        0x8 ./startup/startup_mcxn947_cm33_core0.o
                0x000045b0                SAI0_IRQHandler
 .text.SAI1_IRQHandler
                0x000045b8        0x8 ./startup/startup_mcxn947_cm33_core0.o
                0x000045b8                SAI1_IRQHandler
 .text.USDHC0_IRQHandler
                0x000045c0        0x8 ./startup/startup_mcxn947_cm33_core0.o
                0x000045c0                USDHC0_IRQHandler
 .text.CAN0_IRQHandler
                0x000045c8        0x8 ./startup/startup_mcxn947_cm33_core0.o
                0x000045c8                CAN0_IRQHandler
 .text.CAN1_IRQHandler
                0x000045d0        0x8 ./startup/startup_mcxn947_cm33_core0.o
                0x000045d0                CAN1_IRQHandler
 .text.Reserved80_IRQHandler
                0x000045d8        0x8 ./startup/startup_mcxn947_cm33_core0.o
                0x000045d8                Reserved80_IRQHandler
 .text.Reserved81_IRQHandler
                0x000045e0        0x8 ./startup/startup_mcxn947_cm33_core0.o
                0x000045e0                Reserved81_IRQHandler
 .text.USB1_HS_PHY_IRQHandler
                0x000045e8        0x8 ./startup/startup_mcxn947_cm33_core0.o
                0x000045e8                USB1_HS_PHY_IRQHandler
 .text.USB1_HS_IRQHandler
                0x000045f0        0x8 ./startup/startup_mcxn947_cm33_core0.o
                0x000045f0                USB1_HS_IRQHandler
 .text.SEC_HYPERVISOR_CALL_IRQHandler
                0x000045f8        0x8 ./startup/startup_mcxn947_cm33_core0.o
                0x000045f8                SEC_HYPERVISOR_CALL_IRQHandler
 .text.Reserved85_IRQHandler
                0x00004600        0x8 ./startup/startup_mcxn947_cm33_core0.o
                0x00004600                Reserved85_IRQHandler
 .text.PLU_IRQHandler
                0x00004608        0x8 ./startup/startup_mcxn947_cm33_core0.o
                0x00004608                PLU_IRQHandler
 .text.Freqme_IRQHandler
                0x00004610        0x8 ./startup/startup_mcxn947_cm33_core0.o
                0x00004610                Freqme_IRQHandler
 .text.SEC_VIO_IRQHandler
                0x00004618        0x8 ./startup/startup_mcxn947_cm33_core0.o
                0x00004618                SEC_VIO_IRQHandler
 .text.ELS_IRQHandler
                0x00004620        0x8 ./startup/startup_mcxn947_cm33_core0.o
                0x00004620                ELS_IRQHandler
 .text.PKC_IRQHandler
                0x00004628        0x8 ./startup/startup_mcxn947_cm33_core0.o
                0x00004628                PKC_IRQHandler
 .text.PUF_IRQHandler
                0x00004630        0x8 ./startup/startup_mcxn947_cm33_core0.o
                0x00004630                PUF_IRQHandler
 .text.PQ_IRQHandler
                0x00004638        0x8 ./startup/startup_mcxn947_cm33_core0.o
                0x00004638                PQ_IRQHandler
 .text.EDMA_1_CH0_IRQHandler
                0x00004640        0x8 ./startup/startup_mcxn947_cm33_core0.o
                0x00004640                EDMA_1_CH0_IRQHandler
 .text.EDMA_1_CH1_IRQHandler
                0x00004648        0x8 ./startup/startup_mcxn947_cm33_core0.o
                0x00004648                EDMA_1_CH1_IRQHandler
 .text.EDMA_1_CH2_IRQHandler
                0x00004650        0x8 ./startup/startup_mcxn947_cm33_core0.o
                0x00004650                EDMA_1_CH2_IRQHandler
 .text.EDMA_1_CH3_IRQHandler
                0x00004658        0x8 ./startup/startup_mcxn947_cm33_core0.o
                0x00004658                EDMA_1_CH3_IRQHandler
 .text.EDMA_1_CH4_IRQHandler
                0x00004660        0x8 ./startup/startup_mcxn947_cm33_core0.o
                0x00004660                EDMA_1_CH4_IRQHandler
 .text.EDMA_1_CH5_IRQHandler
                0x00004668        0x8 ./startup/startup_mcxn947_cm33_core0.o
                0x00004668                EDMA_1_CH5_IRQHandler
 .text.EDMA_1_CH6_IRQHandler
                0x00004670        0x8 ./startup/startup_mcxn947_cm33_core0.o
                0x00004670                EDMA_1_CH6_IRQHandler
 .text.EDMA_1_CH7_IRQHandler
                0x00004678        0x8 ./startup/startup_mcxn947_cm33_core0.o
                0x00004678                EDMA_1_CH7_IRQHandler
 .text.EDMA_1_CH8_IRQHandler
                0x00004680        0x8 ./startup/startup_mcxn947_cm33_core0.o
                0x00004680                EDMA_1_CH8_IRQHandler
 .text.EDMA_1_CH9_IRQHandler
                0x00004688        0x8 ./startup/startup_mcxn947_cm33_core0.o
                0x00004688                EDMA_1_CH9_IRQHandler
 .text.EDMA_1_CH10_IRQHandler
                0x00004690        0x8 ./startup/startup_mcxn947_cm33_core0.o
                0x00004690                EDMA_1_CH10_IRQHandler
 .text.EDMA_1_CH11_IRQHandler
                0x00004698        0x8 ./startup/startup_mcxn947_cm33_core0.o
                0x00004698                EDMA_1_CH11_IRQHandler
 .text.EDMA_1_CH12_IRQHandler
                0x000046a0        0x8 ./startup/startup_mcxn947_cm33_core0.o
                0x000046a0                EDMA_1_CH12_IRQHandler
 .text.EDMA_1_CH13_IRQHandler
                0x000046a8        0x8 ./startup/startup_mcxn947_cm33_core0.o
                0x000046a8                EDMA_1_CH13_IRQHandler
 .text.EDMA_1_CH14_IRQHandler
                0x000046b0        0x8 ./startup/startup_mcxn947_cm33_core0.o
                0x000046b0                EDMA_1_CH14_IRQHandler
 .text.EDMA_1_CH15_IRQHandler
                0x000046b8        0x8 ./startup/startup_mcxn947_cm33_core0.o
                0x000046b8                EDMA_1_CH15_IRQHandler
 .text.CDOG0_IRQHandler
                0x000046c0        0x8 ./startup/startup_mcxn947_cm33_core0.o
                0x000046c0                CDOG0_IRQHandler
 .text.CDOG1_IRQHandler
                0x000046c8        0x8 ./startup/startup_mcxn947_cm33_core0.o
                0x000046c8                CDOG1_IRQHandler
 .text.I3C0_IRQHandler
                0x000046d0        0x8 ./startup/startup_mcxn947_cm33_core0.o
                0x000046d0                I3C0_IRQHandler
 .text.I3C1_IRQHandler
                0x000046d8        0x8 ./startup/startup_mcxn947_cm33_core0.o
                0x000046d8                I3C1_IRQHandler
 .text.NPU_IRQHandler
                0x000046e0        0x8 ./startup/startup_mcxn947_cm33_core0.o
                0x000046e0                NPU_IRQHandler
 .text.GDET_IRQHandler
                0x000046e8        0x8 ./startup/startup_mcxn947_cm33_core0.o
                0x000046e8                GDET_IRQHandler
 .text.VBAT0_IRQHandler
                0x000046f0        0x8 ./startup/startup_mcxn947_cm33_core0.o
                0x000046f0                VBAT0_IRQHandler
 .text.EWM0_IRQHandler
                0x000046f8        0x8 ./startup/startup_mcxn947_cm33_core0.o
                0x000046f8                EWM0_IRQHandler
 .text.TSI_END_OF_SCAN_IRQHandler
                0x00004700        0x8 ./startup/startup_mcxn947_cm33_core0.o
                0x00004700                TSI_END_OF_SCAN_IRQHandler
 .text.TSI_OUT_OF_SCAN_IRQHandler
                0x00004708        0x8 ./startup/startup_mcxn947_cm33_core0.o
                0x00004708                TSI_OUT_OF_SCAN_IRQHandler
 .text.EMVSIM0_IRQHandler
                0x00004710        0x8 ./startup/startup_mcxn947_cm33_core0.o
                0x00004710                EMVSIM0_IRQHandler
 .text.EMVSIM1_IRQHandler
                0x00004718        0x8 ./startup/startup_mcxn947_cm33_core0.o
                0x00004718                EMVSIM1_IRQHandler
 .text.FLEXIO_IRQHandler
                0x00004720        0x8 ./startup/startup_mcxn947_cm33_core0.o
                0x00004720                FLEXIO_IRQHandler
 .text.DAC0_IRQHandler
                0x00004728        0x8 ./startup/startup_mcxn947_cm33_core0.o
                0x00004728                DAC0_IRQHandler
 .text.DAC1_IRQHandler
                0x00004730        0x8 ./startup/startup_mcxn947_cm33_core0.o
                0x00004730                DAC1_IRQHandler
 .text.DAC2_IRQHandler
                0x00004738        0x8 ./startup/startup_mcxn947_cm33_core0.o
                0x00004738                DAC2_IRQHandler
 .text.HSCMP0_IRQHandler
                0x00004740        0x8 ./startup/startup_mcxn947_cm33_core0.o
                0x00004740                HSCMP0_IRQHandler
 .text.HSCMP1_IRQHandler
                0x00004748        0x8 ./startup/startup_mcxn947_cm33_core0.o
                0x00004748                HSCMP1_IRQHandler
 .text.HSCMP2_IRQHandler
                0x00004750        0x8 ./startup/startup_mcxn947_cm33_core0.o
                0x00004750                HSCMP2_IRQHandler
 .text.FLEXPWM0_RELOAD_ERROR_IRQHandler
                0x00004758        0x8 ./startup/startup_mcxn947_cm33_core0.o
                0x00004758                FLEXPWM0_RELOAD_ERROR_IRQHandler
 .text.FLEXPWM0_FAULT_IRQHandler
                0x00004760        0x8 ./startup/startup_mcxn947_cm33_core0.o
                0x00004760                FLEXPWM0_FAULT_IRQHandler
 .text.FLEXPWM0_SUBMODULE0_IRQHandler
                0x00004768        0x8 ./startup/startup_mcxn947_cm33_core0.o
                0x00004768                FLEXPWM0_SUBMODULE0_IRQHandler
 .text.FLEXPWM0_SUBMODULE1_IRQHandler
                0x00004770        0x8 ./startup/startup_mcxn947_cm33_core0.o
                0x00004770                FLEXPWM0_SUBMODULE1_IRQHandler
 .text.FLEXPWM0_SUBMODULE2_IRQHandler
                0x00004778        0x8 ./startup/startup_mcxn947_cm33_core0.o
                0x00004778                FLEXPWM0_SUBMODULE2_IRQHandler
 .text.FLEXPWM0_SUBMODULE3_IRQHandler
                0x00004780        0x8 ./startup/startup_mcxn947_cm33_core0.o
                0x00004780                FLEXPWM0_SUBMODULE3_IRQHandler
 .text.FLEXPWM1_RELOAD_ERROR_IRQHandler
                0x00004788        0x8 ./startup/startup_mcxn947_cm33_core0.o
                0x00004788                FLEXPWM1_RELOAD_ERROR_IRQHandler
 .text.FLEXPWM1_FAULT_IRQHandler
                0x00004790        0x8 ./startup/startup_mcxn947_cm33_core0.o
                0x00004790                FLEXPWM1_FAULT_IRQHandler
 .text.FLEXPWM1_SUBMODULE0_IRQHandler
                0x00004798        0x8 ./startup/startup_mcxn947_cm33_core0.o
                0x00004798                FLEXPWM1_SUBMODULE0_IRQHandler
 .text.FLEXPWM1_SUBMODULE1_IRQHandler
                0x000047a0        0x8 ./startup/startup_mcxn947_cm33_core0.o
                0x000047a0                FLEXPWM1_SUBMODULE1_IRQHandler
 .text.FLEXPWM1_SUBMODULE2_IRQHandler
                0x000047a8        0x8 ./startup/startup_mcxn947_cm33_core0.o
                0x000047a8                FLEXPWM1_SUBMODULE2_IRQHandler
 .text.FLEXPWM1_SUBMODULE3_IRQHandler
                0x000047b0        0x8 ./startup/startup_mcxn947_cm33_core0.o
                0x000047b0                FLEXPWM1_SUBMODULE3_IRQHandler
 .text.QDC0_COMPARE_IRQHandler
                0x000047b8        0x8 ./startup/startup_mcxn947_cm33_core0.o
                0x000047b8                QDC0_COMPARE_IRQHandler
 .text.QDC0_HOME_IRQHandler
                0x000047c0        0x8 ./startup/startup_mcxn947_cm33_core0.o
                0x000047c0                QDC0_HOME_IRQHandler
 .text.QDC0_WDG_SAB_IRQHandler
                0x000047c8        0x8 ./startup/startup_mcxn947_cm33_core0.o
                0x000047c8                QDC0_WDG_SAB_IRQHandler
 .text.QDC0_IDX_IRQHandler
                0x000047d0        0x8 ./startup/startup_mcxn947_cm33_core0.o
                0x000047d0                QDC0_IDX_IRQHandler
 .text.QDC1_COMPARE_IRQHandler
                0x000047d8        0x8 ./startup/startup_mcxn947_cm33_core0.o
                0x000047d8                QDC1_COMPARE_IRQHandler
 .text.QDC1_HOME_IRQHandler
                0x000047e0        0x8 ./startup/startup_mcxn947_cm33_core0.o
                0x000047e0                QDC1_HOME_IRQHandler
 .text.QDC1_WDG_SAB_IRQHandler
                0x000047e8        0x8 ./startup/startup_mcxn947_cm33_core0.o
                0x000047e8                QDC1_WDG_SAB_IRQHandler
 .text.QDC1_IDX_IRQHandler
                0x000047f0        0x8 ./startup/startup_mcxn947_cm33_core0.o
                0x000047f0                QDC1_IDX_IRQHandler
 .text.ITRC0_IRQHandler
                0x000047f8        0x8 ./startup/startup_mcxn947_cm33_core0.o
                0x000047f8                ITRC0_IRQHandler
 .text.BSP32_IRQHandler
                0x00004800        0x8 ./startup/startup_mcxn947_cm33_core0.o
                0x00004800                BSP32_IRQHandler
 .text.ELS_ERR_IRQHandler
                0x00004808        0x8 ./startup/startup_mcxn947_cm33_core0.o
                0x00004808                ELS_ERR_IRQHandler
 .text.PKC_ERR_IRQHandler
                0x00004810        0x8 ./startup/startup_mcxn947_cm33_core0.o
                0x00004810                PKC_ERR_IRQHandler
 .text.ERM_SINGLE_BIT_ERROR_IRQHandler
                0x00004818        0x8 ./startup/startup_mcxn947_cm33_core0.o
                0x00004818                ERM_SINGLE_BIT_ERROR_IRQHandler
 .text.ERM_MULTI_BIT_ERROR_IRQHandler
                0x00004820        0x8 ./startup/startup_mcxn947_cm33_core0.o
                0x00004820                ERM_MULTI_BIT_ERROR_IRQHandler
 .text.FMU0_IRQHandler
                0x00004828        0x8 ./startup/startup_mcxn947_cm33_core0.o
                0x00004828                FMU0_IRQHandler
 .text.ETHERNET_IRQHandler
                0x00004830        0x8 ./startup/startup_mcxn947_cm33_core0.o
                0x00004830                ETHERNET_IRQHandler
 .text.ETHERNET_PMT_IRQHandler
                0x00004838        0x8 ./startup/startup_mcxn947_cm33_core0.o
                0x00004838                ETHERNET_PMT_IRQHandler
 .text.ETHERNET_MACLP_IRQHandler
                0x00004840        0x8 ./startup/startup_mcxn947_cm33_core0.o
                0x00004840                ETHERNET_MACLP_IRQHandler
 .text.SINC_FILTER_IRQHandler
                0x00004848        0x8 ./startup/startup_mcxn947_cm33_core0.o
                0x00004848                SINC_FILTER_IRQHandler
 .text.LPTMR0_IRQHandler
                0x00004850        0x8 ./startup/startup_mcxn947_cm33_core0.o
                0x00004850                LPTMR0_IRQHandler
 .text.LPTMR1_IRQHandler
                0x00004858        0x8 ./startup/startup_mcxn947_cm33_core0.o
                0x00004858                LPTMR1_IRQHandler
 .text.SCG_IRQHandler
                0x00004860        0x8 ./startup/startup_mcxn947_cm33_core0.o
                0x00004860                SCG_IRQHandler
 .text.SPC_IRQHandler
                0x00004868        0x8 ./startup/startup_mcxn947_cm33_core0.o
                0x00004868                SPC_IRQHandler
 .text.WUU_IRQHandler
                0x00004870        0x8 ./startup/startup_mcxn947_cm33_core0.o
                0x00004870                WUU_IRQHandler
 .text.PORT_EFT_IRQHandler
                0x00004878        0x8 ./startup/startup_mcxn947_cm33_core0.o
                0x00004878                PORT_EFT_IRQHandler
 .text.ETB0_IRQHandler
                0x00004880        0x8 ./startup/startup_mcxn947_cm33_core0.o
                0x00004880                ETB0_IRQHandler
 .text.Reserved166_IRQHandler
                0x00004888        0x8 ./startup/startup_mcxn947_cm33_core0.o
                0x00004888                Reserved166_IRQHandler
 .text.Reserved167_IRQHandler
                0x00004890        0x8 ./startup/startup_mcxn947_cm33_core0.o
                0x00004890                Reserved167_IRQHandler
 .text.WWDT0_IRQHandler
                0x00004898        0x8 ./startup/startup_mcxn947_cm33_core0.o
                0x00004898                WWDT0_IRQHandler
 .text.WWDT1_IRQHandler
                0x000048a0        0x8 ./startup/startup_mcxn947_cm33_core0.o
                0x000048a0                WWDT1_IRQHandler
 .text.CMC0_IRQHandler
                0x000048a8        0x8 ./startup/startup_mcxn947_cm33_core0.o
                0x000048a8                CMC0_IRQHandler
 .text.CTI0_IRQHandler
                0x000048b0        0x8 ./startup/startup_mcxn947_cm33_core0.o
                0x000048b0                CTI0_IRQHandler
 .text.GPIO_PinWrite
                0x000048b8       0x36 ./source/MCXN947_TP3.o
 .text.LPADC_GetStatusFlags
                0x000048ee       0x18 ./source/MCXN947_TP3.o
 .text.LPADC_ClearStatusFlags
                0x00004906       0x1c ./source/MCXN947_TP3.o
 .text.LPADC_GetTriggerStatusFlags
                0x00004922       0x18 ./source/MCXN947_TP3.o
 .text.CTIMER_StartTimer
                0x0000493a       0x20 ./source/MCXN947_TP3.o
 .text.CTIMER_StopTimer
                0x0000495a       0x20 ./source/MCXN947_TP3.o
 .text.CTIMER_Reset
                0x0000497a       0x2c ./source/MCXN947_TP3.o
 .text.PQ_WaitDone
                0x000049a6       0x2a ./source/MCXN947_TP3.o
 .text.HardFault_Handler
                0x000049d0       0x36 ./source/semihost_hardfault.o
                0x000049d0                HardFault_Handler
 .text.CLOCK_GetPll0OutFreq
                0x00004a06       0x88 ./drivers/fsl_clock.o
                0x00004a06                CLOCK_GetPll0OutFreq
 .text.DelayLoop
                0x00004a8e       0x20 ./drivers/fsl_common_arm.o
 .text.CLOCK_EnableClock
                0x00004aae       0x8c ./drivers/fsl_ctimer.o
 .text.EnableIRQ
                0x00004b3a       0x32 ./drivers/fsl_ctimer.o
 .text.CTIMER_GetStatusFlags
                0x00004b6c       0x18 ./drivers/fsl_ctimer.o
 .text.CTIMER_ClearStatusFlags
                0x00004b84       0x1c ./drivers/fsl_ctimer.o
 .text.CTIMER0_DriverIRQHandler
                0x00004ba0        0xe ./drivers/fsl_ctimer.o
                0x00004ba0                CTIMER0_DriverIRQHandler
 .text.CTIMER1_DriverIRQHandler
                0x00004bae        0xe ./drivers/fsl_ctimer.o
                0x00004bae                CTIMER1_DriverIRQHandler
 .text.CTIMER2_DriverIRQHandler
                0x00004bbc        0xe ./drivers/fsl_ctimer.o
                0x00004bbc                CTIMER2_DriverIRQHandler
 .text.CTIMER3_DriverIRQHandler
                0x00004bca        0xe ./drivers/fsl_ctimer.o
                0x00004bca                CTIMER3_DriverIRQHandler
 .text.CTIMER4_DriverIRQHandler
                0x00004bd8        0xe ./drivers/fsl_ctimer.o
                0x00004bd8                CTIMER4_DriverIRQHandler
 .text.CLOCK_EnableClock
                0x00004be6       0x8c ./drivers/fsl_dac.o
 .text.DAC_SetReset
                0x00004c72       0x22 ./drivers/fsl_dac.o
 .text.DAC_ClearReset
                0x00004c94       0x24 ./drivers/fsl_dac.o
 .text.CLOCK_EnableClock
                0x00004cb8       0x8c ./drivers/fsl_gpio.o
 .text.CLOCK_DisableClock
                0x00004d44       0xb0 ./drivers/fsl_gpio.o
 .text.GPIO_PinWrite
                0x00004df4       0x36 ./drivers/fsl_gpio.o
 .text.INPUTMUX_AttachSignal
                0x00004e2a       0x38 ./drivers/fsl_inputmux.o
                0x00004e2a                INPUTMUX_AttachSignal
 .text.CLOCK_EnableClock
                0x00004e62       0x8c ./drivers/fsl_lpadc.o
 .text.RESET_ReleasePeripheralReset
                0x00004eee       0x16 ./drivers/fsl_lpadc.o
 .text.LPADC_Enable
                0x00004f04       0x38 ./drivers/fsl_lpadc.o
 .text.LPADC_DoResetFIFO0
                0x00004f3c       0x20 ./drivers/fsl_lpadc.o
 .text.LPADC_DoResetFIFO1
                0x00004f5c       0x20 ./drivers/fsl_lpadc.o
 .text.LPADC_DoResetConfig
                0x00004f7c       0x2c ./drivers/fsl_lpadc.o
 .text.LPADC_GetConvResultCount
                0x00004fa8       0x26 ./drivers/fsl_lpadc.o
 .text.LPADC_EnableOffsetCalibration
                0x00004fce       0x38 ./drivers/fsl_lpadc.o
 .text.LPADC_DoOffsetCalibration
                0x00005006       0x2a ./drivers/fsl_lpadc.o
                0x00005006                LPADC_DoOffsetCalibration
 .text.LPADC_DoAutoCalibration
                0x00005030       0x1c ./drivers/fsl_lpadc.o
                0x00005030                LPADC_DoAutoCalibration
 .text.LPADC_FinishAutoCalibration
                0x0000504c      0x104 ./drivers/fsl_lpadc.o
                0x0000504c                LPADC_FinishAutoCalibration
 .text.CLOCK_EnableClock
                0x00005150       0x8c ./drivers/fsl_lpflexcomm.o
 .text.LP_FLEXCOMM_PeripheralIsPresent
                0x000051dc       0x52 ./drivers/fsl_lpflexcomm.o
 .text.LP_FLEXCOMM0_DriverIRQHandler
                0x0000522e        0xe ./drivers/fsl_lpflexcomm.o
                0x0000522e                LP_FLEXCOMM0_DriverIRQHandler
 .text.LP_FLEXCOMM1_DriverIRQHandler
                0x0000523c        0xe ./drivers/fsl_lpflexcomm.o
                0x0000523c                LP_FLEXCOMM1_DriverIRQHandler
 .text.LP_FLEXCOMM2_DriverIRQHandler
                0x0000524a        0xe ./drivers/fsl_lpflexcomm.o
                0x0000524a                LP_FLEXCOMM2_DriverIRQHandler
 .text.LP_FLEXCOMM3_DriverIRQHandler
                0x00005258        0xe ./drivers/fsl_lpflexcomm.o
                0x00005258                LP_FLEXCOMM3_DriverIRQHandler
 .text.LP_FLEXCOMM4_DriverIRQHandler
                0x00005266        0xe ./drivers/fsl_lpflexcomm.o
                0x00005266                LP_FLEXCOMM4_DriverIRQHandler
 .text.LP_FLEXCOMM5_DriverIRQHandler
                0x00005274        0xe ./drivers/fsl_lpflexcomm.o
                0x00005274                LP_FLEXCOMM5_DriverIRQHandler
 .text.LP_FLEXCOMM6_DriverIRQHandler
                0x00005282        0xe ./drivers/fsl_lpflexcomm.o
                0x00005282                LP_FLEXCOMM6_DriverIRQHandler
 .text.LP_FLEXCOMM7_DriverIRQHandler
                0x00005290        0xe ./drivers/fsl_lpflexcomm.o
                0x00005290                LP_FLEXCOMM7_DriverIRQHandler
 .text.LP_FLEXCOMM8_DriverIRQHandler
                0x0000529e        0xe ./drivers/fsl_lpflexcomm.o
                0x0000529e                LP_FLEXCOMM8_DriverIRQHandler
 .text.LP_FLEXCOMM9_DriverIRQHandler
                0x000052ac        0xe ./drivers/fsl_lpflexcomm.o
                0x000052ac                LP_FLEXCOMM9_DriverIRQHandler
 .text.LPUART_SoftwareReset
                0x000052ba       0x2c ./drivers/fsl_lpuart.o
 .text.CLOCK_EnableClock
                0x000052e6       0x8c ./drivers/fsl_powerquad_basic.o
 .text.RESET_PeripheralReset
                0x00005372       0x1c ./drivers/fsl_reset.o
                0x00005372                RESET_PeripheralReset
 .text.SPC_GetActiveModeBandgapMode
                0x0000538e       0x22 ./drivers/fsl_spc.o
 .text.SPC_GetActiveModeVoltageDetectStatus
                0x000053b0       0x22 ./drivers/fsl_spc.o
 .text.SPC_GetActiveModeCoreLDOVDDVoltageLevel
                0x000053d2       0x22 ./drivers/fsl_spc.o
 .text.SPC_GetActiveModeCoreLDODriveStrength
                0x000053f4       0x22 ./drivers/fsl_spc.o
 .text.SPC_SetActiveModeDCDCRegulatorVoltageLevel
                0x00005416       0x32 ./drivers/fsl_spc.o
 .text.SPC_SetActiveModeCoreLDORegulatorVoltageLevel
                0x00005448       0x60 ./drivers/fsl_spc.o
                0x00005448                SPC_SetActiveModeCoreLDORegulatorVoltageLevel
 .text.SPC_SetActiveModeCoreLDORegulatorDriveStrength
                0x000054a8       0x5e ./drivers/fsl_spc.o
                0x000054a8                SPC_SetActiveModeCoreLDORegulatorDriveStrength
 .text.SPC_SetActiveModeDCDCRegulatorDriveStrength
                0x00005506       0x48 ./drivers/fsl_spc.o
                0x00005506                SPC_SetActiveModeDCDCRegulatorDriveStrength
 .text.CLOCK_EnableClock
                0x0000554e       0x8c ./drivers/fsl_vref.o
 .text.SystemInitHook
                0x000055da        0xe ./device/system_MCXN947_cm33_core0.o
                0x000055da                SystemInitHook
 .text.HAL_UartGetStatus
                0x000055e8       0x28 ./component/uart/fsl_adapter_lpuart.o
 .text.DisableGlobalIRQ
                0x00005610       0x22 ./component/serial_manager/fsl_component_serial_manager.o
 .text.EnableGlobalIRQ
                0x00005632       0x20 ./component/serial_manager/fsl_component_serial_manager.o
 .text.SerialManager_StartWriting
                0x00005652       0x38 ./component/serial_manager/fsl_component_serial_manager.o
 .text.SerialManager_Write
                0x0000568a       0x44 ./component/serial_manager/fsl_component_serial_manager.o
 .text.SerialManager_Init
                0x000056ce       0x60 ./component/serial_manager/fsl_component_serial_manager.o
                0x000056ce                SerialManager_Init
 .text.SerialManager_OpenWriteHandle
                0x0000572e       0x50 ./component/serial_manager/fsl_component_serial_manager.o
                0x0000572e                SerialManager_OpenWriteHandle
 .text.SerialManager_OpenReadHandle
                0x0000577e       0x60 ./component/serial_manager/fsl_component_serial_manager.o
                0x0000577e                SerialManager_OpenReadHandle
 .text.SerialManager_WriteBlocking
                0x000057de       0x20 ./component/serial_manager/fsl_component_serial_manager.o
                0x000057de                SerialManager_WriteBlocking
 .text.Serial_UartInit
                0x000057fe       0x3e ./component/serial_manager/fsl_component_serial_port_uart.o
                0x000057fe                Serial_UartInit
 .text.Serial_UartWrite
                0x0000583c       0x38 ./component/serial_manager/fsl_component_serial_port_uart.o
                0x0000583c                Serial_UartWrite
 .text.CLOCK_EnableClock
                0x00005874       0x8c ./board/clock_config.o
 .text.BOARD_InitBootClocks
                0x00005900        0xc ./board/clock_config.o
                0x00005900                BOARD_InitBootClocks
 .text.EnableIRQ
                0x0000590c       0x32 ./board/peripherals.o
 .text.SPC_EnableActiveModeAnalogModules
                0x0000593e       0x26 ./board/peripherals.o
 .text.DAC_Enable
                0x00005964       0x38 ./board/peripherals.o
 .text.DAC_SetData
                0x0000599c       0x20 ./board/peripherals.o
 .text.GPIO0_init
                0x000059bc       0x24 ./board/peripherals.o
 .text.BOARD_InitPeripherals
                0x000059e0       0x28 ./board/peripherals.o
                0x000059e0                BOARD_InitPeripherals
 .text.BOARD_InitBootPeripherals
                0x00005a08        0xc ./board/peripherals.o
                0x00005a08                BOARD_InitBootPeripherals
 .text.CLOCK_EnableClock
                0x00005a14       0x8c ./board/pin_mux.o
 .text.PORT_SetPinMux
                0x00005aa0       0x3e ./board/pin_mux.o
 .text.BOARD_InitBootPins
                0x00005ade       0x18 ./board/pin_mux.o
                0x00005ade                BOARD_InitBootPins
 .text.__main   0x00005af6        0xe C:/Nxp/MCUXpressoIDE_25.6.136/ide/plugins/com.nxp.mcuxpresso.tools.win32_25.6.0.202501151204/tools/bin/../lib/gcc/arm-none-eabi/14.2.1/../../../../arm-none-eabi/lib/thumb/v8-m.main+fp/hard\libcr_semihost_nf.a(_cr__main.o)
                0x00005af6                __CR_SEMIHOST
                0x00005af6                __main
 .text.sqrtf    0x00005b04        0x6 C:/Nxp/MCUXpressoIDE_25.6.136/ide/plugins/com.nxp.mcuxpresso.tools.win32_25.6.0.202501151204/tools/bin/../lib/gcc/arm-none-eabi/14.2.1/../../../../arm-none-eabi/lib/thumb/v8-m.main+fp/hard\libcr_c.a(sqrtf_m4_hardfp.o)
                0x00005b04                sqrtf
 .text.memset   0x00005b0a        0x4 C:/Nxp/MCUXpressoIDE_25.6.136/ide/plugins/com.nxp.mcuxpresso.tools.win32_25.6.0.202501151204/tools/bin/../lib/gcc/arm-none-eabi/14.2.1/../../../../arm-none-eabi/lib/thumb/v8-m.main+fp/hard\libcr_c.a(memset.o)
                0x00005b0a                memset
 .text.free     0x00005b0e       0x30 C:/Nxp/MCUXpressoIDE_25.6.136/ide/plugins/com.nxp.mcuxpresso.tools.win32_25.6.0.202501151204/tools/bin/../lib/gcc/arm-none-eabi/14.2.1/../../../../arm-none-eabi/lib/thumb/v8-m.main+fp/hard\libcr_c.a(alloc.o)
                0x00005b0e                free
 .text.no_fp_display
                0x00005b3e        0x4 C:/Nxp/MCUXpressoIDE_25.6.136/ide/plugins/com.nxp.mcuxpresso.tools.win32_25.6.0.202501151204/tools/bin/../lib/gcc/arm-none-eabi/14.2.1/../../../../arm-none-eabi/lib/thumb/v8-m.main+fp/hard\libcr_c.a(printf.o)
 .text.setvbuf  0x00005b42       0x3e C:/Nxp/MCUXpressoIDE_25.6.136/ide/plugins/com.nxp.mcuxpresso.tools.win32_25.6.0.202501151204/tools/bin/../lib/gcc/arm-none-eabi/14.2.1/../../../../arm-none-eabi/lib/thumb/v8-m.main+fp/hard\libcr_c.a(setvbuf.o)
                0x00005b42                setvbuf
 .text.strlen   0x00005b80       0x4e C:/Nxp/MCUXpressoIDE_25.6.136/ide/plugins/com.nxp.mcuxpresso.tools.win32_25.6.0.202501151204/tools/bin/../lib/gcc/arm-none-eabi/14.2.1/../../../../arm-none-eabi/lib/thumb/v8-m.main+fp/hard\libcr_c.a(strlen.o)
                0x00005b80                strlen
 .text._deferredlazyseek
                0x00005bce       0x40 C:/Nxp/MCUXpressoIDE_25.6.136/ide/plugins/com.nxp.mcuxpresso.tools.win32_25.6.0.202501151204/tools/bin/../lib/gcc/arm-none-eabi/14.2.1/../../../../arm-none-eabi/lib/thumb/v8-m.main+fp/hard\libcr_c.a(_deferredlazyseek.o)
                0x00005bce                _deferredlazyseek
 .text.__flsbuf
                0x00005c0e      0x12a C:/Nxp/MCUXpressoIDE_25.6.136/ide/plugins/com.nxp.mcuxpresso.tools.win32_25.6.0.202501151204/tools/bin/../lib/gcc/arm-none-eabi/14.2.1/../../../../arm-none-eabi/lib/thumb/v8-m.main+fp/hard\libcr_c.a(_deferredlazyseek.o)
                0x00005c0e                __flsbuf
 .text._fdopen  0x00005d38       0x68 C:/Nxp/MCUXpressoIDE_25.6.136/ide/plugins/com.nxp.mcuxpresso.tools.win32_25.6.0.202501151204/tools/bin/../lib/gcc/arm-none-eabi/14.2.1/../../../../arm-none-eabi/lib/thumb/v8-m.main+fp/hard\libcr_c.a(_fdopen.o)
                0x00005d38                _fdopen
 .text._fflush  0x00005da0       0x52 C:/Nxp/MCUXpressoIDE_25.6.136/ide/plugins/com.nxp.mcuxpresso.tools.win32_25.6.0.202501151204/tools/bin/../lib/gcc/arm-none-eabi/14.2.1/../../../../arm-none-eabi/lib/thumb/v8-m.main+fp/hard\libcr_c.a(_fflush.o)
                0x00005da0                _fflush
 .text.fclose   0x00005df2       0x58 C:/Nxp/MCUXpressoIDE_25.6.136/ide/plugins/com.nxp.mcuxpresso.tools.win32_25.6.0.202501151204/tools/bin/../lib/gcc/arm-none-eabi/14.2.1/../../../../arm-none-eabi/lib/thumb/v8-m.main+fp/hard\libcr_c.a(fclose.o)
                0x00005df2                fclose
 .text.remove   0x00005e4a       0x14 C:/Nxp/MCUXpressoIDE_25.6.136/ide/plugins/com.nxp.mcuxpresso.tools.win32_25.6.0.202501151204/tools/bin/../lib/gcc/arm-none-eabi/14.2.1/../../../../arm-none-eabi/lib/thumb/v8-m.main+fp/hard\libcr_c.a(remove.o)
                0x00005e4a                remove
 .text._do_fflush
                0x00005e5e       0x40 C:/Nxp/MCUXpressoIDE_25.6.136/ide/plugins/com.nxp.mcuxpresso.tools.win32_25.6.0.202501151204/tools/bin/../lib/gcc/arm-none-eabi/14.2.1/../../../../arm-none-eabi/lib/thumb/v8-m.main+fp/hard\libcr_c.a(_do_fflush.o)
                0x00005e5e                _do_fflush
 .text.__aeabi_division_uldivmod
                0x00005e9e      0x174 C:/Nxp/MCUXpressoIDE_25.6.136/ide/plugins/com.nxp.mcuxpresso.tools.win32_25.6.0.202501151204/tools/bin/../lib/gcc/arm-none-eabi/14.2.1/thumb/v8-m.main+fp/hard\libcr_eabihelpers.a(division_64.o)
                0x00005e9e                __aeabi_uldivmod
                0x00005ea2                __bhs_ldivmod1
 .text.__aeabi_division_idiv0
                0x00006012        0x2 C:/Nxp/MCUXpressoIDE_25.6.136/ide/plugins/com.nxp.mcuxpresso.tools.win32_25.6.0.202501151204/tools/bin/../lib/gcc/arm-none-eabi/14.2.1/thumb/v8-m.main+fp/hard\libcr_eabihelpers.a(division_idiv0.o)
                0x00006012                __aeabi_idiv0
 .text.__bhs_ui2d
                0x00006014       0x46 C:/Nxp/MCUXpressoIDE_25.6.136/ide/plugins/com.nxp.mcuxpresso.tools.win32_25.6.0.202501151204/tools/bin/../lib/gcc/arm-none-eabi/14.2.1/thumb/v8-m.main+fp/hard\libcr_eabihelpers.a(double.o)
                0x00006014                __bhs_ui2d
 .text.__aeabi_ui2d
                0x0000605a        0x8 C:/Nxp/MCUXpressoIDE_25.6.136/ide/plugins/com.nxp.mcuxpresso.tools.win32_25.6.0.202501151204/tools/bin/../lib/gcc/arm-none-eabi/14.2.1/thumb/v8-m.main+fp/hard\libcr_eabihelpers.a(double.o)
                0x0000605a                __aeabi_ui2d
 .text.__aeabi_f2ulz
                0x00006062       0x3e C:/Nxp/MCUXpressoIDE_25.6.136/ide/plugins/com.nxp.mcuxpresso.tools.win32_25.6.0.202501151204/tools/bin/../lib/gcc/arm-none-eabi/14.2.1/thumb/v8-m.main+fp/hard\libcr_eabihelpers.a(float.o)
                0x00006062                __aeabi_f2ulz
 .text.__aeabi_memset_lowlevel
                0x000060a0       0x32 C:/Nxp/MCUXpressoIDE_25.6.136/ide/plugins/com.nxp.mcuxpresso.tools.win32_25.6.0.202501151204/tools/bin/../lib/gcc/arm-none-eabi/14.2.1/thumb/v8-m.main+fp/hard\libcr_eabihelpers.a(memcpy.o)
                0x000060a0                __aeabi_lowlevel_memset
 .text.__sys_close
                0x000060d2        0xc C:/Nxp/MCUXpressoIDE_25.6.136/ide/plugins/com.nxp.mcuxpresso.tools.win32_25.6.0.202501151204/tools/bin/../lib/gcc/arm-none-eabi/14.2.1/../../../../arm-none-eabi/lib/thumb/v8-m.main+fp/hard\libcr_semihost_nf.a(__sys_close.o)
                0x000060d2                __sys_close
 .text.__sys_flen
                0x000060de        0xc C:/Nxp/MCUXpressoIDE_25.6.136/ide/plugins/com.nxp.mcuxpresso.tools.win32_25.6.0.202501151204/tools/bin/../lib/gcc/arm-none-eabi/14.2.1/../../../../arm-none-eabi/lib/thumb/v8-m.main+fp/hard\libcr_semihost_nf.a(__sys_flen.o)
                0x000060de                __sys_flen
 .text.__sys_istty
                0x000060ea        0xc C:/Nxp/MCUXpressoIDE_25.6.136/ide/plugins/com.nxp.mcuxpresso.tools.win32_25.6.0.202501151204/tools/bin/../lib/gcc/arm-none-eabi/14.2.1/../../../../arm-none-eabi/lib/thumb/v8-m.main+fp/hard\libcr_semihost_nf.a(__sys_istty.o)
                0x000060ea                __sys_istty
 .text.__sys_remove
                0x000060f6        0xc C:/Nxp/MCUXpressoIDE_25.6.136/ide/plugins/com.nxp.mcuxpresso.tools.win32_25.6.0.202501151204/tools/bin/../lib/gcc/arm-none-eabi/14.2.1/../../../../arm-none-eabi/lib/thumb/v8-m.main+fp/hard\libcr_semihost_nf.a(__sys_remove.o)
                0x000060f6                __sys_remove
 .text.__sys_seek
                0x00006102        0xc C:/Nxp/MCUXpressoIDE_25.6.136/ide/plugins/com.nxp.mcuxpresso.tools.win32_25.6.0.202501151204/tools/bin/../lib/gcc/arm-none-eabi/14.2.1/../../../../arm-none-eabi/lib/thumb/v8-m.main+fp/hard\libcr_semihost_nf.a(__sys_seek.o)
                0x00006102                __sys_seek
 .text.__sys_tmpnam
                0x0000610e        0xc C:/Nxp/MCUXpressoIDE_25.6.136/ide/plugins/com.nxp.mcuxpresso.tools.win32_25.6.0.202501151204/tools/bin/../lib/gcc/arm-none-eabi/14.2.1/../../../../arm-none-eabi/lib/thumb/v8-m.main+fp/hard\libcr_semihost_nf.a(__sys_tmpnam.o)
                0x0000610e                __sys_tmpnam
 *(SORT_BY_ALIGNMENT(.rodata) SORT_BY_ALIGNMENT(.rodata.*) SORT_BY_ALIGNMENT(.constdata) SORT_BY_ALIGNMENT(.constdata.*))
 *fill*         0x0000611a        0x2 ff
 .rodata.__assertion_failed.str1.4
                0x0000611c      0xbbb ./utilities/fsl_assert.o
                                 0x14 (size before relaxing)
 .rodata.LPADC_ClearTriggerStatusFlags.str1.4
                0x00006cd7       0xaa ./source/MCXN947_TP3.o
 *fill*         0x00006cd7        0x1 ff
 .rodata.sample_rates
                0x00006cd8       0x14 ./source/MCXN947_TP3.o
                0x00006cd8                sample_rates
 .rodata.GPIO00_IRQHandler.str1.4
                0x00006cec       0x1e ./source/MCXN947_TP3.o
 .rodata.GPIO01_IRQHandler.str1.4
                0x00006cec       0x1a ./source/MCXN947_TP3.o
 .rodata.main.str1.4
                0x00006cec        0xf ./source/MCXN947_TP3.o
 .rodata.SDK_DelayAtLeastUs.str1.4
                0x00006cec       0x2b ./drivers/fsl_common_arm.o
 .rodata.s_ctimerBases
                0x00006cec       0x14 ./drivers/fsl_ctimer.o
 .rodata.s_ctimerClocks
                0x00006d00        0xa ./drivers/fsl_ctimer.o
 *fill*         0x00006d0a        0x2 ff
 .rodata.s_ctimerResets
                0x00006d0c       0x14 ./drivers/fsl_ctimer.o
 .rodata.s_ctimerIRQ
                0x00006d20        0xa ./drivers/fsl_ctimer.o
 .rodata.CTIMER_GetInstance.str1.4
                0x00006d2a       0x2e ./drivers/fsl_ctimer.o
 .rodata.CTIMER_Init.str1.4
                0x00006d2a       0x21 ./drivers/fsl_ctimer.o
 *fill*         0x00006d2a        0x2 ff
 .rodata.s_dacBases
                0x00006d2c        0x8 ./drivers/fsl_dac.o
 .rodata.s_dacClocks
                0x00006d34        0x4 ./drivers/fsl_dac.o
 .rodata.DAC_GetInstance.str1.4
                0x00006d38       0x31 ./drivers/fsl_dac.o
 .rodata.DAC_Init.str1.4
                0x00006d38       0x1e ./drivers/fsl_dac.o
 .rodata.s_gpioBases
                0x00006d38       0x18 ./drivers/fsl_gpio.o
 .rodata.s_gpioClockName
                0x00006d50        0xa ./drivers/fsl_gpio.o
 .rodata.GPIO_GetInstance.str1.4
                0x00006d5a       0x34 ./drivers/fsl_gpio.o
 .rodata.GPIO_PortClockEnable.str1.4
                0x00006d5a       0x38 ./drivers/fsl_gpio.o
 .rodata.GPIO_PinInit.str1.4
                0x00006d5a       0x20 ./drivers/fsl_gpio.o
 .rodata.GPIO_GpioGetInterruptChannelFlags.str1.4
                0x00006d5a       0x1e ./drivers/fsl_gpio.o
 .rodata.GPIO_GpioClearInterruptChannelFlags.str1.4
                0x00006d5a       0x1e ./drivers/fsl_gpio.o
 *fill*         0x00006d5a        0x2 ff
 .rodata.s_lpadcBases
                0x00006d5c        0x8 ./drivers/fsl_lpadc.o
 .rodata.s_lpadcClocks
                0x00006d64        0x4 ./drivers/fsl_lpadc.o
 .rodata.s_lpadcResets
                0x00006d68        0x8 ./drivers/fsl_lpadc.o
 .rodata.LPADC_GetInstance.str1.4
                0x00006d70       0x36 ./drivers/fsl_lpadc.o
 .rodata.LPADC_Init.str1.4
                0x00006d70       0x21 ./drivers/fsl_lpadc.o
 .rodata.LPADC_GetConvResult.str1.4
                0x00006d70       0x21 ./drivers/fsl_lpadc.o
 .rodata.LPADC_SetConvTriggerConfig.str1.4
                0x00006d70       0x51 ./drivers/fsl_lpadc.o
 .rodata.LPADC_SetConvCommandConfig.str1.4
                0x00006d70      0x1ac ./drivers/fsl_lpadc.o
 .rodata.LPADC_PrepareAutoCalibration.str1.4
                0x00006d70       0x69 ./drivers/fsl_lpadc.o
 .rodata.s_lpflexcommBase
                0x00006d70       0x28 ./drivers/fsl_lpflexcomm.o
 .rodata.s_lpflexcommClocks
                0x00006d98       0x14 ./drivers/fsl_lpflexcomm.o
 .rodata.s_lpflexcommResets
                0x00006dac       0x28 ./drivers/fsl_lpflexcomm.o
 .rodata.LP_FLEXCOMM_SetPeriph.str1.4
                0x00006dd4       0x43 ./drivers/fsl_lpflexcomm.o
 .rodata.LP_FLEXCOMM_Init.str1.4
                0x00006dd4       0x49 ./drivers/fsl_lpflexcomm.o
 .rodata.s_lpuartBases
                0x00006dd4       0x28 ./drivers/fsl_lpuart.o
 .rodata.LPUART_GetInstance.str1.4
                0x00006dfc       0x38 ./drivers/fsl_lpuart.o
 .rodata.LPUART_Init.str1.4
                0x00006dfc      0x10a ./drivers/fsl_lpuart.o
 .rodata.LPUART_GetDefaultConfig.str1.4
                0x00006dfc       0x22 ./drivers/fsl_lpuart.o
 .rodata.LPUART_WriteBlocking.str1.4
                0x00006dfc       0x21 ./drivers/fsl_lpuart.o
 .rodata.PQ_SetConfig.str1.4
                0x00006dfc       0x2a ./drivers/fsl_powerquad_basic.o
 .rodata.PQ_TransformRFFT.str1.4
                0x00006dfc       0x5f ./drivers/fsl_powerquad_transform.o
 .rodata.RESET_SetPeripheralReset.str1.4
                0x00006dfc       0x1e ./drivers/fsl_reset.o
 .rodata.RESET_ClearPeripheralReset.str1.4
                0x00006dfc       0x1e ./drivers/fsl_reset.o
 .rodata.SPC_SetSRAMOperateVoltage.str1.4
                0x00006dfc       0x1f ./drivers/fsl_spc.o
 .rodata.SPC_SetActiveModeCoreLDORegulatorConfig.str1.4
                0x00006dfc       0x1f ./drivers/fsl_spc.o
 .rodata.SPC_SetActiveModeDCDCRegulatorConfig.str1.4
                0x00006dfc       0x20 ./drivers/fsl_spc.o
 .rodata.VREF_GetInstance.str1.4
                0x00006dfc       0x33 ./drivers/fsl_vref.o
 .rodata.VREF_Init.str1.4
                0x00006dfc       0x1f ./drivers/fsl_vref.o
 .rodata.s_LpuartAdapterBase
                0x00006dfc       0x28 ./component/uart/fsl_adapter_lpuart.o
 .rodata.HAL_UartInit.str1.4
                0x00006e24      0x116 ./component/uart/fsl_adapter_lpuart.o
 .rodata.HAL_UartSendBlocking.str1.4
                0x00006e24       0x7b ./component/uart/fsl_adapter_lpuart.o
 .rodata        0x00006e24        0xa ./board/clock_config.o
 .rodata.LPADC_EnableInterrupts.str1.4
                0x00006e2e       0x80 ./board/peripherals.o
 *fill*         0x00006e2e        0x2 ff
 .rodata.ADC0_config
                0x00006e30       0x18 ./board/peripherals.o
                0x00006e30                ADC0_config
 .rodata.VREF0_config
                0x00006e48        0x6 ./board/peripherals.o
                0x00006e48                VREF0_config
 *fill*         0x00006e4e        0x2 ff
 .rodata.DAC0_config
                0x00006e50       0x1c ./board/peripherals.o
                0x00006e50                DAC0_config
 .rodata.DAC1_config
                0x00006e6c       0x1c ./board/peripherals.o
                0x00006e6c                DAC1_config
 .rodata.CTIMER0_config
                0x00006e88        0x8 ./board/peripherals.o
                0x00006e88                CTIMER0_config
 .rodata.CTIMER0_Match_3_config
                0x00006e90        0xc ./board/peripherals.o
                0x00006e90                CTIMER0_Match_3_config
 .rodata.LP_FLEXCOMM4_config
                0x00006e9c       0x28 ./board/peripherals.o
                0x00006e9c                LP_FLEXCOMM4_config
 .rodata.POWERQUAD_config
                0x00006ec4       0x10 ./board/peripherals.o
                0x00006ec4                POWERQUAD_config
 .rodata.PORT_SetPinConfig.str1.4
                0x00006ed4       0x39 ./board/pin_mux.o
 .rodata.GPIO_SetPinInterruptConfig.str1.4
                0x00006ed4       0x37 ./board/pin_mux.o
 .rodata.__num_Ciob_streams
                0x00006ed4        0x4 C:/Nxp/MCUXpressoIDE_25.6.136/ide/plugins/com.nxp.mcuxpresso.tools.win32_25.6.0.202501151204/tools/bin/../lib/gcc/arm-none-eabi/14.2.1/../../../../arm-none-eabi/lib/thumb/v8-m.main+fp/hard\libcr_semihost_nf.a(__ciob.o)
                0x00006ed4                __num_Ciob_streams
 .rodata._Csys_alloc.str1.1
                0x00006ed8       0x53 C:/Nxp/MCUXpressoIDE_25.6.136/ide/plugins/com.nxp.mcuxpresso.tools.win32_25.6.0.202501151204/tools/bin/../lib/gcc/arm-none-eabi/14.2.1/../../../../arm-none-eabi/lib/thumb/v8-m.main+fp/hard\libcr_c.a(alloc.o)
                                 0x18 (size before relaxing)
 .rodata._initio.str1.1
                0x00006f2b        0x4 C:/Nxp/MCUXpressoIDE_25.6.136/ide/plugins/com.nxp.mcuxpresso.tools.win32_25.6.0.202501151204/tools/bin/../lib/gcc/arm-none-eabi/14.2.1/../../../../arm-none-eabi/lib/thumb/v8-m.main+fp/hard\libcr_c.a(initio.o)
 .rodata.__vfprintf.str1.1
                0x00006f2b       0x38 C:/Nxp/MCUXpressoIDE_25.6.136/ide/plugins/com.nxp.mcuxpresso.tools.win32_25.6.0.202501151204/tools/bin/../lib/gcc/arm-none-eabi/14.2.1/../../../../arm-none-eabi/lib/thumb/v8-m.main+fp/hard\libcr_c.a(printf.o)
                0x00006f64                        . = ALIGN (0x4)
 *fill*         0x00006f2b        0x1 ff

.glue_7         0x00006f2c        0x0
 .glue_7        0x00006f2c        0x0 linker stubs

.glue_7t        0x00006f2c        0x0
 .glue_7t       0x00006f2c        0x0 linker stubs

.vfp11_veneer   0x00006f2c        0x0
 .vfp11_veneer  0x00006f2c        0x0 linker stubs

.v4_bx          0x00006f2c        0x0
 .v4_bx         0x00006f2c        0x0 linker stubs

.iplt           0x00006f2c        0x0
 .iplt          0x00006f2c        0x0 ./utilities/debug_console/fsl_debug_console.o

.rel.dyn        0x00006f2c        0x0
 .rel.iplt      0x00006f2c        0x0 ./utilities/debug_console/fsl_debug_console.o

.ARM.extab
 *(SORT_BY_ALIGNMENT(.ARM.extab*) SORT_BY_ALIGNMENT(.gnu.linkonce.armextab.*))

.ARM.exidx      0x00006f2c        0x0
                0x00006f2c                        __exidx_start = .
 *(SORT_BY_ALIGNMENT(.ARM.exidx*) SORT_BY_ALIGNMENT(.gnu.linkonce.armexidx.*))
                0x00006f2c                        __exidx_end = .
                0x00006f2c                        _etext = .

.m_usb_data
 *(SORT_BY_ALIGNMENT(m_usb_global))

.data_RAM2      0x04000000        0x0 load address 0x00006f2c
 FILL mask 0xff
                [!provide]                        PROVIDE (__start_data_RAM2 = .)
                [!provide]                        PROVIDE (__start_data_SRAMX = .)
 *(SORT_BY_ALIGNMENT(.ramfunc.$RAM2))
 *(SORT_BY_ALIGNMENT(.ramfunc.$SRAMX))
 *(SORT_BY_ALIGNMENT(.data.$RAM2))
 *(SORT_BY_ALIGNMENT(.data.$SRAMX))
 *(SORT_BY_ALIGNMENT(.data.$RAM2.*))
 *(SORT_BY_ALIGNMENT(.data.$SRAMX.*))
                0x04000000                        . = ALIGN (0x4)
                [!provide]                        PROVIDE (__end_data_RAM2 = .)
                [!provide]                        PROVIDE (__end_data_SRAMX = .)

.data_RAM3      0x20060000        0x0 load address 0x00006f2c
 FILL mask 0xff
                [!provide]                        PROVIDE (__start_data_RAM3 = .)
                [!provide]                        PROVIDE (__start_data_SRAMH = .)
 *(SORT_BY_ALIGNMENT(.ramfunc.$RAM3))
 *(SORT_BY_ALIGNMENT(.ramfunc.$SRAMH))
 *(SORT_BY_ALIGNMENT(.data.$RAM3))
 *(SORT_BY_ALIGNMENT(.data.$SRAMH))
 *(SORT_BY_ALIGNMENT(.data.$RAM3.*))
 *(SORT_BY_ALIGNMENT(.data.$SRAMH.*))
                0x20060000                        . = ALIGN (0x4)
                [!provide]                        PROVIDE (__end_data_RAM3 = .)
                [!provide]                        PROVIDE (__end_data_SRAMH = .)

.data_RAM4      0x400ba000        0x0 load address 0x00006f2c
 FILL mask 0xff
                [!provide]                        PROVIDE (__start_data_RAM4 = .)
                [!provide]                        PROVIDE (__start_data_USB_RAM = .)
 *(SORT_BY_ALIGNMENT(.ramfunc.$RAM4))
 *(SORT_BY_ALIGNMENT(.ramfunc.$USB_RAM))
 *(SORT_BY_ALIGNMENT(.data.$RAM4))
 *(SORT_BY_ALIGNMENT(.data.$USB_RAM))
 *(SORT_BY_ALIGNMENT(.data.$RAM4.*))
 *(SORT_BY_ALIGNMENT(.data.$USB_RAM.*))
                0x400ba000                        . = ALIGN (0x4)
                [!provide]                        PROVIDE (__end_data_RAM4 = .)
                [!provide]                        PROVIDE (__end_data_USB_RAM = .)

.uninit_RESERVED
                0x20000000        0x0
                0x20000000                        _start_uninit_RESERVED = .
 *(SORT_BY_ALIGNMENT(.bss.$RESERVED*))
                0x20000000                        . = ALIGN (0x4)
                0x20000000                        _end_uninit_RESERVED = .

.data           0x20000000       0x54 load address 0x00006f2c
 FILL mask 0xff
                0x20000000                        _data = .
                [!provide]                        PROVIDE (__start_data_RAM = .)
                [!provide]                        PROVIDE (__start_data_SRAM = .)
 *(SORT_BY_ALIGNMENT(vtable))
 *(SORT_BY_ALIGNMENT(.ramfunc*))
 *(SORT_BY_ALIGNMENT(CodeQuickAccess))
 *(SORT_BY_ALIGNMENT(DataQuickAccess))
 *(SORT_BY_ALIGNMENT(RamFunction))
 *(SORT_BY_ALIGNMENT(.data*))
 .data.ctimerMatchConfig
                0x20000000        0xc ./source/MCXN947_TP3.o
                0x20000000                ctimerMatchConfig
 .data.s_Ext_Clk_Freq
                0x2000000c        0x4 ./drivers/fsl_clock.o
 .data.s_Xtal32_Freq
                0x20000010        0x4 ./drivers/fsl_clock.o
 .data.SystemCoreClock
                0x20000014        0x4 ./device/system_MCXN947_cm33_core0.o
                0x20000014                SystemCoreClock
 .data.ADC0_commandsConfig
                0x20000018       0x28 ./board/peripherals.o
                0x20000018                ADC0_commandsConfig
 .data.ADC0_triggersConfig
                0x20000040       0x10 ./board/peripherals.o
                0x20000040                ADC0_triggersConfig
 .data.filter_run
                0x20000050        0x1 ./source/MCXN947_TP3.o
                0x20000050                filter_run
                0x20000054                        . = ALIGN (0x4)
 *fill*         0x20000051        0x3 ff
                0x20000054                        _edata = .
                [!provide]                        PROVIDE (__end_data_RAM = .)
                [!provide]                        PROVIDE (__end_data_SRAM = .)

.igot.plt       0x20000054        0x0 load address 0x00006f80
 .igot.plt      0x20000054        0x0 ./utilities/debug_console/fsl_debug_console.o

.bss_RAM2       0x04000000        0x0
                [!provide]                        PROVIDE (__start_bss_RAM2 = .)
                [!provide]                        PROVIDE (__start_bss_SRAMX = .)
 *(SORT_BY_ALIGNMENT(.bss.$RAM2))
 *(SORT_BY_ALIGNMENT(.bss.$SRAMX))
 *(SORT_BY_ALIGNMENT(.bss.$RAM2.*))
 *(SORT_BY_ALIGNMENT(.bss.$SRAMX.*))
                0x04000000                        . = ALIGN ((. != 0x0)?0x4:0x1)
                [!provide]                        PROVIDE (__end_bss_RAM2 = .)
                [!provide]                        PROVIDE (__end_bss_SRAMX = .)

.bss_RAM3       0x20060000        0x0
                [!provide]                        PROVIDE (__start_bss_RAM3 = .)
                [!provide]                        PROVIDE (__start_bss_SRAMH = .)
 *(SORT_BY_ALIGNMENT(.bss.$RAM3))
 *(SORT_BY_ALIGNMENT(.bss.$SRAMH))
 *(SORT_BY_ALIGNMENT(.bss.$RAM3.*))
 *(SORT_BY_ALIGNMENT(.bss.$SRAMH.*))
                0x20060000                        . = ALIGN ((. != 0x0)?0x4:0x1)
                [!provide]                        PROVIDE (__end_bss_RAM3 = .)
                [!provide]                        PROVIDE (__end_bss_SRAMH = .)

.bss_RAM4       0x400ba000        0x0
                [!provide]                        PROVIDE (__start_bss_RAM4 = .)
                [!provide]                        PROVIDE (__start_bss_USB_RAM = .)
 *(SORT_BY_ALIGNMENT(.bss.$RAM4))
 *(SORT_BY_ALIGNMENT(.bss.$USB_RAM))
 *(SORT_BY_ALIGNMENT(.bss.$RAM4.*))
 *(SORT_BY_ALIGNMENT(.bss.$USB_RAM.*))
                0x400ba000                        . = ALIGN ((. != 0x0)?0x4:0x1)
                [!provide]                        PROVIDE (__end_bss_RAM4 = .)
                [!provide]                        PROVIDE (__end_bss_USB_RAM = .)

.bss            0x20000058     0x1658
                0x20000058                        _bss = .
                [!provide]                        PROVIDE (__start_bss_RAM = .)
                [!provide]                        PROVIDE (__start_bss_SRAM = .)
 *(SORT_BY_ALIGNMENT(.bss*))
 .bss.adc_buffer
                0x20000058      0x400 ./source/MCXN947_TP3.o
                0x20000058                adc_buffer
 .bss.dac_buffer_q15
                0x20000458      0x800 ./source/MCXN947_TP3.o
                0x20000458                dac_buffer_q15
 .bss.dac_buffer_abs_q15
                0x20000c58      0x800 ./source/MCXN947_TP3.o