C:\workspace\MCXN947_TP2\drivers/fsl_gpio.h:345:20:GPIO_PinWrite	24	static
C:\workspace\MCXN947_TP2\drivers/fsl_lpadc.h:878:24:LPADC_GetStatusFlags	16	static
C:\workspace\MCXN947_TP2\drivers/fsl_lpadc.h:891:20:LPADC_ClearStatusFlags	16	static
C:\workspace\MCXN947_TP2\drivers/fsl_lpadc.h:904:24:LPADC_GetTriggerStatusFlags	16	static
C:\workspace\MCXN947_TP2\drivers/fsl_lpadc.h:916:20:LPADC_ClearTriggerStatusFlags	16	static
C:\workspace\MCXN947_TP2\drivers/fsl_ctimer.h:517:20:CTIMER_StartTimer	16	static
C:\workspace\MCXN947_TP2\drivers/fsl_ctimer.h:527:20:CTIMER_StopTimer	16	static
C:\workspace\MCXN947_TP2\drivers/fsl_ctimer.h:541:20:CTIMER_Reset	16	static
C:\workspace\MCXN947_TP2\drivers/fsl_dac.h:393:20:DAC_SetData	16	static
C:\workspace\MCXN947_TP2\drivers/fsl_powerquad.h:1772:20:PQ_WaitDone	16	static
../source/MCXN947_TP2.c:106:13:UpdateLedColor	16	static
../source/MCXN947_TP2.c:118:13:LED_SetColor	16	static
../source/MCXN947_TP2.c:125:13:PQ_FIRFixed16Example	24	static
../source/MCXN947_TP2.c:165:6:ADC0_IRQHandler	24	static
../source/MCXN947_TP2.c:199:6:ctimer1_match0_callback	16	static
../source/MCXN947_TP2.c:208:6:GPIO00_IRQHandler	16	static
../source/MCXN947_TP2.c:226:6:GPIO01_IRQHandler	16	static
../source/MCXN947_TP2.c:253:13:GenerateSineTable	24	static
../source/MCXN947_TP2.c:266:5:main	1072	static
