/home/ruben/Documentos/Facultad/Procesamiento_Digital_de_Seniales/workspace2/MCXN947_TP1/drivers/fsl_gpio.h:345:20:GPIO_PinWrite	24	static
/home/ruben/Documentos/Facultad/Procesamiento_Digital_de_Seniales/workspace2/MCXN947_TP1/drivers/fsl_lpadc.h:878:24:LPADC_GetStatusFlags	16	static
/home/ruben/Documentos/Facultad/Procesamiento_Digital_de_Seniales/workspace2/MCXN947_TP1/drivers/fsl_lpadc.h:891:20:LPADC_ClearStatusFlags	16	static
/home/ruben/Documentos/Facultad/Procesamiento_Digital_de_Seniales/workspace2/MCXN947_TP1/drivers/fsl_lpadc.h:904:24:LPADC_GetTriggerStatusFlags	16	static
/home/ruben/Documentos/Facultad/Procesamiento_Digital_de_Seniales/workspace2/MCXN947_TP1/drivers/fsl_lpadc.h:916:20:LPADC_ClearTriggerStatusFlags	16	static
/home/ruben/Documentos/Facultad/Procesamiento_Digital_de_Seniales/workspace2/MCXN947_TP1/drivers/fsl_ctimer.h:517:20:CTIMER_StartTimer	16	static
/home/ruben/Documentos/Facultad/Procesamiento_Digital_de_Seniales/workspace2/MCXN947_TP1/drivers/fsl_ctimer.h:527:20:CTIMER_StopTimer	16	static
/home/ruben/Documentos/Facultad/Procesamiento_Digital_de_Seniales/workspace2/MCXN947_TP1/drivers/fsl_ctimer.h:541:20:CTIMER_Reset	16	static
/home/ruben/Documentos/Facultad/Procesamiento_Digital_de_Seniales/workspace2/MCXN947_TP1/drivers/fsl_dac.h:393:20:DAC_SetData	16	static
../source/MCXN947_TP1.c:82:6:CTIMER0_IRQHandler	4	static
../source/MCXN947_TP1.c:87:13:UpdateLedColor	16	static
../source/MCXN947_TP1.c:99:13:LED_SetColor	16	static
../source/MCXN947_TP1.c:107:6:ADC0_IRQHandler	24	static
../source/MCXN947_TP1.c:138:6:ctimer1_match0_callback	16	static
../source/MCXN947_TP1.c:147:6:GPIO00_IRQHandler	16	static
../source/MCXN947_TP1.c:165:6:GPIO01_IRQHandler	16	static
../source/MCXN947_TP1.c:190:13:GenerateSineTable	24	static
../source/MCXN947_TP1.c:203:5:main	8	static
