C:\workspace\MCXN947_TP2\CMSIS/core_cm33.h:2358:22:__NVIC_EnableIRQ	16	static
C:\workspace\MCXN947_TP2\CMSIS/core_cm33.h:2555:22:__NVIC_SetPriority	16	static
C:\workspace\MCXN947_TP2\drivers/fsl_common_arm.h:672:24:EnableIRQ	24	static
C:\workspace\MCXN947_TP2\drivers/fsl_edma.h:705:20:EDMA_SetChannelMux	24	static
C:\workspace\MCXN947_TP2\drivers/fsl_edma.h:1014:20:EDMA_EnableAutoStopRequest	24	static
C:\workspace\MCXN947_TP2\drivers/fsl_edma.h:1452:20:EDMA_EnableChannelRequest	16	static
C:\workspace\MCXN947_TP2\drivers/fsl_lpadc.h:938:20:LPADC_EnableInterrupts	16	static
C:\workspace\MCXN947_TP2\drivers/fsl_spc.h:1093:20:SPC_EnableActiveModeAnalogModules	16	static
C:\workspace\MCXN947_TP2\drivers/fsl_dac.h:284:20:DAC_Enable	16	static
C:\workspace\MCXN947_TP2\drivers/fsl_dac.h:393:20:DAC_SetData	16	static
../board/peripherals.c:128:13:DMA0_init	8	static
../board/peripherals.c:277:13:LP_FLEXCOMM4_init	8	static
../board/peripherals.c:395:13:ADC0_init	8	static
../board/peripherals.c:449:13:VREF0_init	8	static
../board/peripherals.c:495:13:GPIO0_init	8	static
../board/peripherals.c:561:13:CTIMER0_init	8	static
../board/peripherals.c:623:13:DAC0_init	8	static
../board/peripherals.c:689:13:DAC1_init	8	static
../board/peripherals.c:741:13:POWERQUAD_init	8	static
../board/peripherals.c:749:6:BOARD_InitPeripherals	8	static
../board/peripherals.c:770:6:BOARD_InitBootPeripherals	8	static
