/home/ruben/Documentos/Facultad/Procesamiento_Digital_de_Seniales/workspace2/MCXN947_TP1/CMSIS/core_cm33.h:2358:22:__NVIC_EnableIRQ	16	static
/home/ruben/Documentos/Facultad/Procesamiento_Digital_de_Seniales/workspace2/MCXN947_TP1/CMSIS/core_cm33.h:2555:22:__NVIC_SetPriority	16	static
/home/ruben/Documentos/Facultad/Procesamiento_Digital_de_Seniales/workspace2/MCXN947_TP1/drivers/fsl_common_arm.h:672:24:EnableIRQ	24	static
/home/ruben/Documentos/Facultad/Procesamiento_Digital_de_Seniales/workspace2/MCXN947_TP1/drivers/fsl_lpadc.h:938:20:LPADC_EnableInterrupts	16	static
/home/ruben/Documentos/Facultad/Procesamiento_Digital_de_Seniales/workspace2/MCXN947_TP1/drivers/fsl_spc.h:1093:20:SPC_EnableActiveModeAnalogModules	16	static
/home/ruben/Documentos/Facultad/Procesamiento_Digital_de_Seniales/workspace2/MCXN947_TP1/drivers/fsl_dac.h:284:20:DAC_Enable	16	static
/home/ruben/Documentos/Facultad/Procesamiento_Digital_de_Seniales/workspace2/MCXN947_TP1/drivers/fsl_dac.h:393:20:DAC_SetData	16	static
../board/peripherals.c:191:13:LP_FLEXCOMM4_init	8	static
../board/peripherals.c:309:13:ADC0_init	8	static
../board/peripherals.c:361:13:VREF0_init	8	static
../board/peripherals.c:407:13:GPIO0_init	8	static
../board/peripherals.c:473:13:CTIMER0_init	8	static
../board/peripherals.c:535:13:DAC0_init	8	static
../board/peripherals.c:603:13:CTIMER1_init	8	static
../board/peripherals.c:668:13:DAC1_init	8	static
../board/peripherals.c:682:6:BOARD_InitPeripherals	8	static
../board/peripherals.c:698:6:BOARD_InitBootPeripherals	8	static
